Component: ARM Compiler 5.06 update 7 (build 960) Tool: armlink [4d3601]

==============================================================================

Section Cross References

    system_msp432p401r.o(i.SystemCoreClockUpdate) refers to system_msp432p401r.o(.data) for .data
    startup_msp432p401r_uvision.o(STACK) refers (Special) to heapauxi.o(.text) for __use_two_region_memory
    startup_msp432p401r_uvision.o(HEAP) refers (Special) to heapauxi.o(.text) for __use_two_region_memory
    startup_msp432p401r_uvision.o(RESET) refers (Special) to heapauxi.o(.text) for __use_two_region_memory
    startup_msp432p401r_uvision.o(RESET) refers to startup_msp432p401r_uvision.o(STACK) for __initial_sp
    startup_msp432p401r_uvision.o(RESET) refers to startup_msp432p401r_uvision.o(.text) for Reset_Handler
    startup_msp432p401r_uvision.o(RESET) refers to adc.o(i.DMA_INT1_IRQHandler) for DMA_INT1_IRQHandler
    startup_msp432p401r_uvision.o(.text) refers (Special) to heapauxi.o(.text) for __use_two_region_memory
    startup_msp432p401r_uvision.o(.text) refers to system_msp432p401r.o(i.SystemInit) for SystemInit
    startup_msp432p401r_uvision.o(.text) refers to __main.o(!!!main) for __main
    startup_msp432p401r_uvision.o(.text) refers to startup_msp432p401r_uvision.o(HEAP) for Heap_Mem
    startup_msp432p401r_uvision.o(.text) refers to startup_msp432p401r_uvision.o(STACK) for Stack_Mem
    main.o(i.Init) refers to sysinit.o(i.SysInit) for SysInit
    main.o(i.Init) refers to usart.o(i.uart_init) for uart_init
    main.o(i.Init) refers to delay.o(i.delay_init) for delay_init
    main.o(i.Init) refers to led.o(i.LED_Init) for LED_Init
    main.o(i.Init) refers to screen.o(i.Screen_Init) for Screen_Init
    main.o(i.Init) refers to oled.o(i.OLED_Init) for OLED_Init
    main.o(i.Init) refers to adc.o(i.ADC_Init) for ADC_Init
    main.o(i.Init) refers to bluetooth.o(i.Bluetooth_Init) for Bluetooth_Init
    main.o(i.main) refers to main.o(i.Init) for Init
    main.o(i.main) refers to arm_cfft_radix4_init_f32.o(.text) for arm_cfft_radix4_init_f32
    main.o(i.main) refers to oled.o(i.OLED_ColorTurn) for OLED_ColorTurn
    main.o(i.main) refers to oled.o(i.OLED_DisplayTurn) for OLED_DisplayTurn
    main.o(i.main) refers to screen.o(i.Screen_setbeg) for Screen_setbeg
    main.o(i.main) refers to fft_calculate.o(i.ADC_FFT_calcualtion) for ADC_FFT_calcualtion
    main.o(i.main) refers to fft_calculate.o(i.show_THD_result) for show_THD_result
    main.o(i.main) refers to fft_calculate.o(i.Screen_show_real_signal) for Screen_show_real_signal
    main.o(i.main) refers to fft_calculate.o(i.Bluetooth_THD_result) for Bluetooth_THD_result
    main.o(i.main) refers to screen.o(i.Screen_Init) for Screen_Init
    main.o(i.main) refers to fft_calculate.o(.bss) for basewave
    usart.o(.rev16_text) refers (Special) to use_no_semi_2.o(.text) for __use_no_semihosting
    usart.o(.revsh_text) refers (Special) to use_no_semi_2.o(.text) for __use_no_semihosting
    usart.o(.rrx_text) refers (Special) to use_no_semi_2.o(.text) for __use_no_semihosting
    usart.o(i.USARTA0_SendString) refers (Special) to use_no_semi_2.o(.text) for __use_no_semihosting
    usart.o(i._sys_exit) refers (Special) to use_no_semi_2.o(.text) for __use_no_semihosting
    usart.o(i._ttywrch) refers (Special) to use_no_semi_2.o(.text) for __use_no_semihosting
    usart.o(i.fputc) refers (Special) to use_no_semi_2.o(.text) for __use_no_semihosting
    usart.o(i.fputc) refers to uart.o(i.UART_transmitData) for UART_transmitData
    usart.o(i.uart_init) refers (Special) to use_no_semi_2.o(.text) for __use_no_semihosting
    usart.o(i.uart_init) refers to rt_memcpy_w.o(.text) for __aeabi_memcpy4
    usart.o(i.uart_init) refers to baudrate_calculate.o(i.eusci_calcBaudDividers) for eusci_calcBaudDividers
    usart.o(i.uart_init) refers to uart.o(i.UART_initModule) for UART_initModule
    usart.o(i.uart_init) refers to usart.o(.constdata) for .constdata
    usart.o(.bss) refers (Special) to use_no_semi_2.o(.text) for __use_no_semihosting
    usart.o(.constdata) refers (Special) to use_no_semi_2.o(.text) for __use_no_semihosting
    usart.o(.data) refers (Special) to use_no_semi_2.o(.text) for __use_no_semihosting
    sysinit.o(i.SysInit) refers to cs.o(i.CS_setExternalClockSourceFrequency) for CS_setExternalClockSourceFrequency
    sysinit.o(i.SysInit) refers to cs.o(i.CS_startHFXT) for CS_startHFXT
    sysinit.o(i.SysInit) refers to cs.o(i.CS_startLFXT) for CS_startLFXT
    delay.o(i.delay_init) refers to cs.o(i.CS_getMCLK) for CS_getMCLK
    delay.o(i.delay_init) refers to delay.o(.data) for .data
    delay.o(i.delay_ms) refers to delay.o(i.delay_us) for delay_us
    delay.o(i.delay_us) refers to delay.o(.data) for .data
    baudrate_calculate.o(i.eusci_calcBaudDividers) refers to cs.o(i.CS_getSMCLK) for CS_getSMCLK
    baudrate_calculate.o(i.eusci_calcBaudDividers) refers to cs.o(i.CS_getACLK) for CS_getACLK
[...]
    x$fpl$fretinf                            0x00006416   Section       10  fretinf.o(x$fpl$fretinf)
    $v0                                      0x00006416   Number         0  fretinf.o(x$fpl$fretinf)
    x$fpl$funder                             0x00006420   Section      316  funder_clz.o(x$fpl$funder)
    $v0                                      0x00006420   Number         0  funder_clz.o(x$fpl$funder)
    x$fpl$ieeestatus                         0x0000655c   Section       32  istatus.o(x$fpl$ieeestatus)
    $v0                                      0x0000655c   Number         0  istatus.o(x$fpl$ieeestatus)
    x$fpl$printf1                            0x0000657c   Section        4  printf1.o(x$fpl$printf1)
    $v0                                      0x0000657c   Number         0  printf1.o(x$fpl$printf1)
    x$fpl$printf2                            0x00006580   Section        4  printf2.o(x$fpl$printf2)
    $v0                                      0x00006580   Number         0  printf2.o(x$fpl$printf2)
    x$fpl$retnan                             0x00006584   Section      178  retnan.o(x$fpl$retnan)
    $v0                                      0x00006584   Number         0  retnan.o(x$fpl$retnan)
    x$fpl$trapveneer                         0x00006636   Section      126  trapv.o(x$fpl$trapveneer)
    $v0                                      0x00006636   Number         0  trapv.o(x$fpl$trapveneer)
    .constdata                               0x000066b4   Section       40  usart.o(.constdata)
    x$fpl$usenofp                            0x000066b4   Section        0  usenofp.o(x$fpl$usenofp)
    .constdata                               0x000066dc   Section     2316  oled.o(.constdata)
    .constdata                               0x00006fe8   Section      192  adc.o(.constdata)
    .constdata                               0x000070a8   Section       26  screen.o(.constdata)
    .constdata                               0x000070c4   Section       40  bluetooth.o(.constdata)
    .constdata                               0x000070ec   Section      128  adc14.o(.constdata)
    _ctlRegs                                 0x000070ec   Data         128  adc14.o(.constdata)
    .constdata                               0x0000716c   Section     2048  arm_common_tables.o(.constdata)
    .constdata                               0x0000796c   Section    32768  arm_common_tables.o(.constdata)
    .constdata                               0x0000f96c   Section        8  _printf_wctomb.o(.constdata)
    initial_mbstate                          0x0000f96c   Data           8  _printf_wctomb.o(.constdata)
    .constdata                               0x0000f974   Section       40  _printf_hex_int_ll_ptr.o(.constdata)
    uc_hextab                                0x0000f974   Data          20  _printf_hex_int_ll_ptr.o(.constdata)
    lc_hextab                                0x0000f988   Data          20  _printf_hex_int_ll_ptr.o(.constdata)
    .constdata                               0x0000f99c   Section       17  __printf_flags_ss_wp.o(.constdata)
    maptable                                 0x0000f99c   Data          17  __printf_flags_ss_wp.o(.constdata)
    .constdata                               0x0000f9b0   Section       48  cos_i.o(.constdata)
    C                                        0x0000f9b0   Data          48  cos_i.o(.constdata)
    .constdata                               0x0000f9e0   Section      200  rred.o(.constdata)
    pio2s                                    0x0000f9e0   Data          48  rred.o(.constdata)
    twooverpi                                0x0000fa10   Data         152  rred.o(.constdata)
    .constdata                               0x0000faa8   Section       40  sin_i.o(.constdata)
    S                                        0x0000faa8   Data          40  sin_i.o(.constdata)
    .constdata                               0x0000fad0   Section       38  _printf_fp_hex.o(.constdata)
    lc_hextab                                0x0000fad0   Data          19  _printf_fp_hex.o(.constdata)
    uc_hextab                                0x0000fae3   Data          19  _printf_fp_hex.o(.constdata)
    .constdata                               0x0000faf8   Section      148  bigflt0.o(.constdata)
    tenpwrs_x                                0x0000faf8   Data          60  bigflt0.o(.constdata)
    tenpwrs_i                                0x0000fb34   Data          64  bigflt0.o(.constdata)
    locale$$data                             0x0000fbac   Section       28  lc_numeric_c.o(locale$$data)
    __lcnum_c_name                           0x0000fbb0   Data           2  lc_numeric_c.o(locale$$data)
    __lcnum_c_start                          0x0000fbb8   Data           0  lc_numeric_c.o(locale$$data)
    __lcnum_c_point                          0x0000fbc4   Data           0  lc_numeric_c.o(locale$$data)
    __lcnum_c_thousands                      0x0000fbc6   Data           0  lc_numeric_c.o(locale$$data)
    __lcnum_c_grouping                       0x0000fbc7   Data           0  lc_numeric_c.o(locale$$data)
    locale$$data                             0x0000fbc8   Section      272  lc_ctype_c.o(locale$$data)
    __lcnum_c_end                            0x0000fbc8   Data           0  lc_numeric_c.o(locale$$data)
    __lcctype_c_name                         0x0000fbcc   Data           2  lc_ctype_c.o(locale$$data)
    __lcctype_c_start                        0x0000fbd4   Data           0  lc_ctype_c.o(locale$$data)
    __lcctype_c_end                          0x0000fcd8   Data           0  lc_ctype_c.o(locale$$data)
    .data                                    0x20000000   Section        1  delay.o(.data)
    fac_us                                   0x20000000   Data           1  delay.o(.data)
    .data                                    0x20000400   Section        2  adc.o(.data)
    .data                                    0x20000404   Section        8  cs.o(.data)
    hfxtFreq                                 0x20000404   Data           4  cs.o(.data)
    lfxtFreq                                 0x20000408   Data           4  cs.o(.data)
    .bss                                     0x2000040c   Section     4352  adc.o(.bss)
    MSP_EXP432P401RLP_DMAControlTable        0x2000040c   Data         256  adc.o(.bss)
    .bss                                     0x20001510   Section      400  bluetooth.o(.bss)
    .bss                                     0x200016a0   Section       28  fft_calculate.o(.bss)
    .bss                                     0x200016bc   Section    12320  fft_calculate.o(.bss)
    fftinput                                 0x200016bc   Data        8192  fft_calculate.o(.bss)
    fftoutput                                0x200036bc   Data        4096  fft_calculate.o(.bss)
    fftarry_count                            0x200046bc   Data          10  fft_calculate.o(.bss)
    har_base                                 0x200046c8   Data          20  fft_calculate.o(.bss)
    .bss                                     0x200046dc   Section       96  libspace.o(.bss)
    HEAP                                     0x20004740   Section        0  startup_msp432p401r_uvision.o(HEAP)
    STACK                                    0x20004740   Section      512  startup_msp432p401r_uvision.o(STACK)
    Heap_Mem                                 0x20004740   Data           0  startup_msp432p401r_uvision.o(HEAP)
    Stack_Mem                                0x20004740   Data         512  startup_msp432p401r_uvision.o(STACK)
    __initial_sp                             0x20004940   Data           0  startup_msp432p401r_uvision.o(STACK)

    Global Symbols

    Symbol Name                              Value     Ov Type        Size  Object(Section)

    BuildAttributes$$THM_ISAv4$E$P$D$K$B$S$7EM$VFPi3$EXTD16$VFPS$VFMA$PE$A:L22UL41UL21$X:L11$S22US41US21$IEEE1$IW$USESV6$~STKCKD$USESV7$~SHL$OTIME$ROPI$IEEEX$EBA8$UX$STANDARDLIB$REQ8$PRES8$EABIv2 0x00000000   Number         0  anon$$obj.o ABSOLUTE
    __ARM_use_no_argv                        0x00000000   Number         0  main.o ABSOLUTE
    __Vectors                                0x00000000   Data           4  startup_msp432p401r_uvision.o(RESET)
    _printf_flags                            0x00000000   Number         0  printf_stubs.o ABSOLUTE
    _printf_return_value                     0x00000000   Number         0  printf_stubs.o ABSOLUTE
    _printf_sizespec                         0x00000000   Number         0  printf_stubs.o ABSOLUTE
    _printf_widthprec                        0x00000000   Number         0  printf_stubs.o ABSOLUTE
    __ARM_exceptions_init                     - Undefined Weak Reference
    __alloca_initialize                       - Undefined Weak Reference
    __arm_fini_                               - Undefined Weak Reference
    __arm_preinit_                            - Undefined Weak Reference
    __cpp_initialize__aeabi_                  - Undefined Weak Reference
    __cxa_finalize                            - Undefined Weak Reference
    __sigvec_lookup                           - Undefined Weak Reference
    _atexit_init                              - Undefined Weak Reference
    _call_atexit_fns                          - Undefined Weak Reference
    _clock_init                               - Undefined Weak Reference
    _fp_trap_big                              - Undefined Weak Reference
    _fp_trap_init                             - Undefined Weak Reference
    _fp_trap_shutdown                         - Undefined Weak Reference
    _get_lc_collate                           - Undefined Weak Reference
    _get_lc_monetary                          - Undefined Weak Reference
    _get_lc_time                              - Undefined Weak Reference
    _getenv_init                              - Undefined Weak Reference
    _handle_redirection                       - Undefined Weak Reference
    _init_alloc                               - Undefined Weak Reference
    _init_user_alloc                          - Undefined Weak Reference
    _initio                                   - Undefined Weak Reference
    _printf_mbtowc                            - Undefined Weak Reference
    _printf_wc                                - Undefined Weak Reference
    _rand_init                                - Undefined Weak Reference
    _signal_finish                            - Undefined Weak Reference
    _signal_init                              - Undefined Weak Reference
    _terminate_alloc                          - Undefined Weak Reference
    _terminate_user_alloc                     - Undefined Weak Reference
    _terminateio                              - Undefined Weak Reference
    __Vectors_End                            0x00000144   Data           0  startup_msp432p401r_uvision.o(RESET)
    __Vectors_Size                           0x00000144   Number         0  startup_msp432p401r_uvision.o ABSOLUTE
    __main                                   0x00000145   Thumb Code     8  __main.o(!!!main)
    __scatterload                            0x0000014d   Thumb Code     0  __scatter.o(!!!scatter)
    __scatterload_rt2                        0x0000014d   Thumb Code    44  __scatter.o(!!!scatter)
    __scatterload_rt2_thumb_only             0x0000014d   Thumb Code     0  __scatter.o(!!!scatter)
    __scatterload_null                       0x0000015b   Thumb Code     0  __scatter.o(!!!scatter)
    __decompress                             0x00000181   Thumb Code    58  __dczerorl.o(!!dczerorl)
    __decompress0                            0x00000181   Thumb Code     0  __dczerorl.o(!!dczerorl)
    __scatterload_zeroinit                   0x000001bd   Thumb Code    28  __scatter_zi.o(!!handler_zi)
    _printf_n                                0x000001d9   Thumb Code     0  _printf_n.o(.ARM.Collect$$_printf_percent$$00000001)
    _printf_percent                          0x000001d9   Thumb Code     0  _printf_percent.o(.ARM.Collect$$_printf_percent$$00000000)
    _printf_p                                0x000001df   Thumb Code     0  _printf_p.o(.ARM.Collect$$_printf_percent$$00000002)
    _printf_f                                0x000001e5   Thumb Code     0  _printf_f.o(.ARM.Collect$$_printf_percent$$00000003)
    _printf_e                                0x000001eb   Thumb Code     0  _printf_e.o(.ARM.Collect$$_printf_percent$$00000004)
    _printf_g                                0x000001f1   Thumb Code     0  _printf_g.o(.ARM.Collect$$_printf_percent$$00000005)
    _printf_a                                0x000001f7   Thumb Code     0  _printf_a.o(.ARM.Collect$$_printf_percent$$00000006)
    _printf_ll                               0x000001fd   Thumb Code     0  _printf_ll.o(.ARM.Collect$$_printf_percent$$00000007)
    _printf_i                                0x00000207   Thumb Code     0  _printf_i.o(.ARM.Collect$$_printf_percent$$00000008)
    _printf_d                                0x0000020d   Thumb Code     0  _printf_d.o(.ARM.Collect$$_printf_percent$$00000009)
    _printf_u                                0x00000213   Thumb Code     0  _printf_u.o(.ARM.Collect$$_printf_percent$$0000000A)
    _printf_o                                0x00000219   Thumb Code     0  _printf_o.o(.ARM.Collect$$_printf_percent$$0000000B)
    _printf_x                                0x0000021f   Thumb Code     0  _printf_x.o(.ARM.Collect$$_printf_percent$$0000000C)
    _printf_lli                              0x00000225   Thumb Code     0  _printf_lli.o(.ARM.Collect$$_printf_percent$$0000000D)
    _printf_lld                              0x0000022b   Thumb Code     0  _printf_lld.o(.ARM.Collect$$_printf_percent$$0000000E)
    _printf_llu                              0x00000231   Thumb Code     0  _printf_llu.o(.ARM.Collect$$_printf_percent$$0000000F)
    _printf_llo                              0x00000237   Thumb Code     0  _printf_llo.o(.ARM.Collect$$_printf_percent$$00000010)
    _printf_llx                              0x0000023d   Thumb Code     0  _printf_llx.o(.ARM.Collect$$_printf_percent$$00000011)
    _printf_l                                0x00000243   Thumb Code     0  _printf_l.o(.ARM.Collect$$_printf_percent$$00000012)
    _printf_c                                0x0000024d   Thumb Code     0  _printf_c.o(.ARM.Collect$$_printf_percent$$00000013)
    _printf_s                                0x00000253   Thumb Code     0  _printf_s.o(.ARM.Collect$$_printf_percent$$00000014)
    _printf_lc                               0x00000259   Thumb Code     0  _printf_lc.o(.ARM.Collect$$_printf_percent$$00000015)
    _printf_ls                               0x0000025f   Thumb Code     0  _printf_ls.o(.ARM.Collect$$_printf_percent$$00000016)
    _printf_percent_end                      0x00000265   Thumb Code     0  _printf_percent_end.o(.ARM.Collect$$_printf_percent$$00000017)
    __rt_lib_init                            0x00000269   Thumb Code     0  libinit.o(.ARM.Collect$$libinit$$00000000)
    __rt_lib_init_fp_1                       0x0000026b   Thumb Code     0  libinit2.o(.ARM.Collect$$libinit$$00000001)
    __rt_lib_init_heap_1                     0x0000026f   Thumb Code     0  libinit2.o(.ARM.Collect$$libinit$$0000000A)
    __rt_lib_init_lc_common                  0x0000026f   Thumb Code     0  libinit2.o(.ARM.Collect$$libinit$$0000000F)
    __rt_lib_init_preinit_1                  0x0000026f   Thumb Code     0  libinit2.o(.ARM.Collect$$libinit$$00000004)
    __rt_lib_init_rand_1                     0x0000026f   Thumb Code     0  libinit2.o(.ARM.Collect$$libinit$$0000000E)
    __rt_lib_init_user_alloc_1               0x0000026f   Thumb Code     0  libinit2.o(.ARM.Collect$$libinit$$0000000C)
    __rt_lib_init_lc_collate_1               0x00000275   Thumb Code     0  libinit2.o(.ARM.Collect$$libinit$$00000011)
    __rt_lib_init_lc_ctype_2                 0x00000275   Thumb Code     0  libinit2.o(.ARM.Collect$$libinit$$00000012)
    __rt_lib_init_lc_ctype_1                 0x00000281   Thumb Code     0  libinit2.o(.ARM.Collect$$libinit$$00000013)
    __rt_lib_init_lc_monetary_1              0x00000281   Thumb Code     0  libinit2.o(.ARM.Collect$$libinit$$00000015)
    __rt_lib_init_lc_numeric_2               0x00000281   Thumb Code     0  libinit2.o(.ARM.Collect$$libinit$$00000016)
    __rt_lib_init_alloca_1                   0x0000028b   Thumb Code     0  libinit2.o(.ARM.Collect$$libinit$$0000002E)
    __rt_lib_init_argv_1                     0x0000028b   Thumb Code     0  libinit2.o(.ARM.Collect$$libinit$$0000002C)
    __rt_lib_init_atexit_1                   0x0000028b   Thumb Code     0  libinit2.o(.ARM.Collect$$libinit$$0000001B)
    __rt_lib_init_clock_1                    0x0000028b   Thumb Code     0  libinit2.o(.ARM.Collect$$libinit$$00000021)
    __rt_lib_init_cpp_1                      0x0000028b   Thumb Code     0  libinit2.o(.ARM.Collect$$libinit$$00000032)
    __rt_lib_init_exceptions_1               0x0000028b   Thumb Code     0  libinit2.o(.ARM.Collect$$libinit$$00000030)
    __rt_lib_init_fp_trap_1                  0x0000028b   Thumb Code     0  libinit2.o(.ARM.Collect$$libinit$$0000001F)
    __rt_lib_init_getenv_1                   0x0000028b   Thumb Code     0  libinit2.o(.ARM.Collect$$libinit$$00000023)
    __rt_lib_init_lc_numeric_1               0x0000028b   Thumb Code     0  libinit2.o(.ARM.Collect$$libinit$$00000017)
    __rt_lib_init_lc_time_1                  0x0000028b   Thumb Code     0  libinit2.o(.ARM.Collect$$libinit$$00000019)
    __rt_lib_init_return                     0x0000028b   Thumb Code     0  libinit2.o(.ARM.Collect$$libinit$$00000033)
    __rt_lib_init_signal_1                   0x0000028b   Thumb Code     0  libinit2.o(.ARM.Collect$$libinit$$0000001D)
    __rt_lib_init_stdio_1                    0x0000028b   Thumb Code     0  libinit2.o(.ARM.Collect$$libinit$$00000025)
    __rt_lib_shutdown                        0x0000028d   Thumb Code     0  libshutdown.o(.ARM.Collect$$libshutdown$$00000000)
    __rt_lib_shutdown_cpp_1                  0x0000028f   Thumb Code     0  libshutdown2.o(.ARM.Collect$$libshutdown$$00000004)
    __rt_lib_shutdown_fini_1                 0x0000028f   Thumb Code     0  libshutdown2.o(.ARM.Collect$$libshutdown$$00000002)
    __rt_lib_shutdown_fp_trap_1              0x0000028f   Thumb Code     0  libshutdown2.o(.ARM.Collect$$libshutdown$$00000009)
    __rt_lib_shutdown_heap_1                 0x0000028f   Thumb Code     0  libshutdown2.o(.ARM.Collect$$libshutdown$$00000011)
    __rt_lib_shutdown_return                 0x0000028f   Thumb Code     0  libshutdown2.o(.ARM.Collect$$libshutdown$$00000012)
    __rt_lib_shutdown_signal_1               0x0000028f   Thumb Code     0  libshutdown2.o(.ARM.Collect$$libshutdown$$0000000C)
    __rt_lib_shutdown_stdio_1                0x0000028f   Thumb Code     0  libshutdown2.o(.ARM.Collect$$libshutdown$$00000006)
    __rt_lib_shutdown_user_alloc_1           0x0000028f   Thumb Code     0  libshutdown2.o(.ARM.Collect$$libshutdown$$0000000E)
    __rt_entry                               0x00000291   Thumb Code     0  __rtentry.o(.ARM.Collect$$rtentry$$00000000)
    __rt_entry_presh_1                       0x00000291   Thumb Code     0  __rtentry2.o(.ARM.Collect$$rtentry$$00000002)
    __rt_entry_sh                            0x00000291   Thumb Code     0  __rtentry4.o(.ARM.Collect$$rtentry$$00000004)
    __rt_entry_li                            0x00000297   Thumb Code     0  __rtentry2.o(.ARM.Collect$$rtentry$$0000000A)
    __rt_entry_postsh_1                      0x00000297   Thumb Code     0  __rtentry2.o(.ARM.Collect$$rtentry$$00000009)
    __rt_entry_main                          0x0000029b   Thumb Code     0  __rtentry2.o(.ARM.Collect$$rtentry$$0000000D)
    __rt_entry_postli_1                      0x0000029b   Thumb Code     0  __rtentry2.o(.ARM.Collect$$rtentry$$0000000C)
    __rt_exit                                0x000002a3   Thumb Code     0  rtexit.o(.ARM.Collect$$rtexit$$00000000)
    __rt_exit_ls                             0x000002a5   Thumb Code     0  rtexit2.o(.ARM.Collect$$rtexit$$00000003)
    __rt_exit_prels_1                        0x000002a5   Thumb Code     0  rtexit2.o(.ARM.Collect$$rtexit$$00000002)
    __rt_exit_exit                           0x000002a9   Thumb Code     0  rtexit2.o(.ARM.Collect$$rtexit$$00000004)
    Reset_Handler                            0x000002b1   Thumb Code     8  startup_msp432p401r_uvision.o(.text)
    NMI_Handler                              0x000002b9   Thumb Code     2  startup_msp432p401r_uvision.o(.text)
    HardFault_Handler                        0x000002bb   Thumb Code     2  startup_msp432p401r_uvision.o(.text)
    MemManage_Handler                        0x000002bd   Thumb Code     2  startup_msp432p401r_uvision.o(.text)
    BusFault_Handler                         0x000002bf   Thumb Code     2  startup_msp432p401r_uvision.o(.text)
    UsageFault_Handler                       0x000002c1   Thumb Code     2  startup_msp432p401r_uvision.o(.text)
    SVC_Handler                              0x000002c3   Thumb Code     2  startup_msp432p401r_uvision.o(.text)
    DebugMon_Handler                         0x000002c5   Thumb Code     2  startup_msp432p401r_uvision.o(.text)
    PendSV_Handler                           0x000002c7   Thumb Code     2  startup_msp432p401r_uvision.o(.text)
    SysTick_Handler                          0x000002c9   Thumb Code     2  startup_msp432p401r_uvision.o(.text)
    ADC14_IRQHandler                         0x000002cb   Thumb Code     0  startup_msp432p401r_uvision.o(.text)
    AES256_IRQHandler                        0x000002cb   Thumb Code     0  startup_msp432p401r_uvision.o(.text)
    COMP_E0_IRQHandler                       0x000002cb   Thumb Code     0  startup_msp432p401r_uvision.o(.text)
    COMP_E1_IRQHandler                       0x000002cb   Thumb Code     0  startup_msp432p401r_uvision.o(.text)
    CS_IRQHandler                            0x000002cb   Thumb Code     0  startup_msp432p401r_uvision.o(.text)
    DMA_ERR_IRQHandler                       0x000002cb   Thumb Code     0  startup_msp432p401r_uvision.o(.text)
    DMA_INT0_IRQHandler                      0x000002cb   Thumb Code     0  startup_msp432p401r_uvision.o(.text)
    DMA_INT2_IRQHandler                      0x000002cb   Thumb Code     0  startup_msp432p401r_uvision.o(.text)
    DMA_INT3_IRQHandler                      0x000002cb   Thumb Code     0  startup_msp432p401r_uvision.o(.text)
    EUSCIA0_IRQHandler                       0x000002cb   Thumb Code     0  startup_msp432p401r_uvision.o(.text)
    EUSCIA1_IRQHandler                       0x000002cb   Thumb Code     0  startup_msp432p401r_uvision.o(.text)
    EUSCIA2_IRQHandler                       0x000002cb   Thumb Code     0  startup_msp432p401r_uvision.o(.text)
    EUSCIA3_IRQHandler                       0x000002cb   Thumb Code     0  startup_msp432p401r_uvision.o(.text)
    EUSCIB0_IRQHandler                       0x000002cb   Thumb Code     0  startup_msp432p401r_uvision.o(.text)
    EUSCIB1_IRQHandler                       0x000002cb   Thumb Code     0  startup_msp432p401r_uvision.o(.text)
    EUSCIB2_IRQHandler                       0x000002cb   Thumb Code     0  startup_msp432p401r_uvision.o(.text)
    EUSCIB3_IRQHandler                       0x000002cb   Thumb Code     0  startup_msp432p401r_uvision.o(.text)
    FLCTL_IRQHandler                         0x000002cb   Thumb Code     0  startup_msp432p401r_uvision.o(.text)
    FPU_IRQHandler                           0x000002cb   Thumb Code     0  startup_msp432p401r_uvision.o(.text)
    PCM_IRQHandler                           0x000002cb   Thumb Code     0  startup_msp432p401r_uvision.o(.text)
    PORT1_IRQHandler                         0x000002cb   Thumb Code     0  startup_msp432p401r_uvision.o(.text)
    PORT2_IRQHandler                         0x000002cb   Thumb Code     0  startup_msp432p401r_uvision.o(.text)
    PORT3_IRQHandler                         0x000002cb   Thumb Code     0  startup_msp432p401r_uvision.o(.text)
    PORT4_IRQHandler                         0x000002cb   Thumb Code     0  startup_msp432p401r_uvision.o(.text)
    PORT5_IRQHandler                         0x000002cb   Thumb Code     0  startup_msp432p401r_uvision.o(.text)
    PORT6_IRQHandler                         0x000002cb   Thumb Code     0  startup_msp432p401r_uvision.o(.text)
    PSS_IRQHandler                           0x000002cb   Thumb Code     0  startup_msp432p401r_uvision.o(.text)
    RTC_C_IRQHandler                         0x000002cb   Thumb Code     0  startup_msp432p401r_uvision.o(.text)
    T32_INT1_IRQHandler                      0x000002cb   Thumb Code     0  startup_msp432p401r_uvision.o(.text)
    T32_INT2_IRQHandler                      0x000002cb   Thumb Code     0  startup_msp432p401r_uvision.o(.text)
    T32_INTC_IRQHandler                      0x000002cb   Thumb Code     0  startup_msp432p401r_uvision.o(.text)
    TA0_0_IRQHandler                         0x000002cb   Thumb Code     0  startup_msp432p401r_uvision.o(.text)
    TA0_N_IRQHandler                         0x000002cb   Thumb Code     0  startup_msp432p401r_uvision.o(.text)
    TA1_0_IRQHandler                         0x000002cb   Thumb Code     0  startup_msp432p401r_uvision.o(.text)
    TA1_N_IRQHandler                         0x000002cb   Thumb Code     0  startup_msp432p401r_uvision.o(.text)
    TA2_0_IRQHandler                         0x000002cb   Thumb Code     0  startup_msp432p401r_uvision.o(.text)
    TA2_N_IRQHandler                         0x000002cb   Thumb Code     0  startup_msp432p401r_uvision.o(.text)
    TA3_0_IRQHandler                         0x000002cb   Thumb Code     0  startup_msp432p401r_uvision.o(.text)
    TA3_N_IRQHandler                         0x000002cb   Thumb Code     0  startup_msp432p401r_uvision.o(.text)
    WDT_A_IRQHandler                         0x000002cb   Thumb Code     0  startup_msp432p401r_uvision.o(.text)
    __user_initial_stackheap                 0x000002cd   Thumb Code    10  startup_msp432p401r_uvision.o(.text)
    arm_cmplx_mag_f32                        0x000002ed   Thumb Code   246  arm_cmplx_mag_f32.o(.text)
    arm_radix4_butterfly_f32                 0x000003e9   Thumb Code   800  arm_cfft_radix4_f32.o(.text)
    arm_radix4_butterfly_inverse_f32         0x00000709   Thumb Code   836  arm_cfft_radix4_f32.o(.text)
    arm_cfft_radix4_f32                      0x00000a4d   Thumb Code    60  arm_cfft_radix4_f32.o(.text)
    arm_cfft_radix4_init_f32                 0x00000a89   Thumb Code   146  arm_cfft_radix4_init_f32.o(.text)
    arm_bitreversal_f32                      0x00000b49   Thumb Code   178  arm_bitreversal.o(.text)
    arm_bitreversal_q31                      0x00000bfb   Thumb Code   170  arm_bitreversal.o(.text)
    arm_bitreversal_q15                      0x00000ca5   Thumb Code   122  arm_bitreversal.o(.text)
    __use_no_semihosting                     0x00000d1f   Thumb Code     2  use_no_semi_2.o(.text)
    vsprintf                                 0x00000d21   Thumb Code    32  vsprintf.o(.text)
    strlen                                   0x00000d45   Thumb Code    62  strlen.o(.text)
    __aeabi_memcpy4                          0x00000d83   Thumb Code     0  rt_memcpy_w.o(.text)
    __aeabi_memcpy8                          0x00000d83   Thumb Code     0  rt_memcpy_w.o(.text)
    __rt_memcpy_w                            0x00000d83   Thumb Code   100  rt_memcpy_w.o(.text)
    _memcpy_lastbytes_aligned                0x00000dcb   Thumb Code     0  rt_memcpy_w.o(.text)
    __aeabi_memclr                           0x00000de7   Thumb Code     0  rt_memclr.o(.text)
    __rt_memclr                              0x00000de7   Thumb Code    68  rt_memclr.o(.text)
    _memset                                  0x00000deb   Thumb Code     0  rt_memclr.o(.text)
    __use_two_region_memory                  0x00000e2b   Thumb Code     2  heapauxi.o(.text)
    __rt_heap_escrow$2region                 0x00000e2d   Thumb Code     2  heapauxi.o(.text)
    __rt_heap_expand$2region                 0x00000e2f   Thumb Code     2  heapauxi.o(.text)
    __I$use$semihosting                      0x00000e31   Thumb Code     0  use_no_semi.o(.text)
    __use_no_semihosting_swi                 0x00000e31   Thumb Code     2  use_no_semi.o(.text)
    __read_errno                             0x00000e33   Thumb Code    10  _rserrno.o(.text)
    __set_errno                              0x00000e3d   Thumb Code    12  _rserrno.o(.text)
    _printf_pre_padding                      0x00000e49   Thumb Code    44  _printf_pad.o(.text)
    _printf_post_padding                     0x00000e75   Thumb Code    34  _printf_pad.o(.text)
    _printf_truncate_signed                  0x00000e97   Thumb Code    18  _printf_truncate.o(.text)
    _printf_truncate_unsigned                0x00000ea9   Thumb Code    18  _printf_truncate.o(.text)
    _printf_str                              0x00000ebb   Thumb Code    82  _printf_str.o(.text)
    _printf_int_dec                          0x00000f0d   Thumb Code   104  _printf_dec.o(.text)
    _printf_charcount                        0x00000f85   Thumb Code    40  _printf_charcount.o(.text)
    _printf_char_common                      0x00000fb7   Thumb Code    32  _printf_char_common.o(.text)
    _sputc                                   0x00000fdd   Thumb Code    10  _sputc.o(.text)
    _printf_wctomb                           0x00000fe9   Thumb Code   182  _printf_wctomb.o(.text)
    _printf_longlong_dec                     0x000010a5   Thumb Code   108  _printf_longlong_dec.o(.text)
    _printf_longlong_oct                     0x00001121   Thumb Code    66  _printf_oct_int_ll.o(.text)
    _printf_int_oct                          0x00001163   Thumb Code    24  _printf_oct_int_ll.o(.text)
    _printf_ll_oct                           0x0000117b   Thumb Code    12  _printf_oct_int_ll.o(.text)
    _printf_longlong_hex                     0x00001191   Thumb Code    86  _printf_hex_int_ll_ptr.o(.text)
    _printf_int_hex                          0x000011e7   Thumb Code    28  _printf_hex_int_ll_ptr.o(.text)
    _printf_ll_hex                           0x00001203   Thumb Code    12  _printf_hex_int_ll_ptr.o(.text)
    _printf_hex_ptr                          0x0000120f   Thumb Code    18  _printf_hex_int_ll_ptr.o(.text)
    __printf                                 0x00001225   Thumb Code   388  __printf_flags_ss_wp.o(.text)
    __aeabi_memclr4                          0x000013ad   Thumb Code     0  rt_memclr_w.o(.text)
    __aeabi_memclr8                          0x000013ad   Thumb Code     0  rt_memclr_w.o(.text)
    __rt_memclr_w                            0x000013ad   Thumb Code    78  rt_memclr_w.o(.text)
    _memset_w                                0x000013b1   Thumb Code     0  rt_memclr_w.o(.text)
    __aeabi_errno_addr                       0x000013fd   Thumb Code     8  rt_errno_addr_intlibspace.o(.text)
    __errno$intlibspace                      0x000013fd   Thumb Code     0  rt_errno_addr_intlibspace.o(.text)
    __rt_errno_addr$intlibspace              0x000013fd   Thumb Code     0  rt_errno_addr_intlibspace.o(.text)
    _ll_udiv10                               0x00001405   Thumb Code   138  lludiv10.o(.text)
    _fp_trap                                 0x00001491   Thumb Code    44  _fptrap.o(.text)
    _printf_int_common                       0x000014c1   Thumb Code   178  _printf_intcommon.o(.text)
    __lib_sel_fp_printf                      0x00001573   Thumb Code     2  _printf_fp_dec.o(.text)
    _printf_fp_dec_real                      0x00001725   Thumb Code   620  _printf_fp_dec.o(.text)
    _printf_fp_hex_real                      0x00001991   Thumb Code   756  _printf_fp_hex.o(.text)
    _printf_cs_common                        0x00001c8d   Thumb Code    20  _printf_char.o(.text)
    _printf_char                             0x00001ca1   Thumb Code    16  _printf_char.o(.text)
    _printf_string                           0x00001cb1   Thumb Code     8  _printf_char.o(.text)
    _printf_lcs_common                       0x00001cb9   Thumb Code    20  _printf_wchar.o(.text)
    _printf_wchar                            0x00001ccd   Thumb Code    16  _printf_wchar.o(.text)
    _printf_wstring                          0x00001cdd   Thumb Code     8  _printf_wchar.o(.text)
    _wcrtomb                                 0x00001ce5   Thumb Code    64  _wcrtomb.o(.text)
    __user_libspace                          0x00001d25   Thumb Code     8  libspace.o(.text)
    __user_perproc_libspace                  0x00001d25   Thumb Code     0  libspace.o(.text)
    __user_perthread_libspace                0x00001d25   Thumb Code     0  libspace.o(.text)
    __user_setup_stackheap                   0x00001d2d   Thumb Code    74  sys_stackheap_outer.o(.text)
    __rt_ctype_table                         0x00001d79   Thumb Code    16  rt_ctype_table.o(.text)
    __rt_locale                              0x00001d89   Thumb Code     8  rt_locale_intlibspace.o(.text)
    _printf_fp_infnan                        0x00001d91   Thumb Code   112  _printf_fp_infnan.o(.text)
    _btod_etento                             0x00001e11   Thumb Code   224  bigflt0.o(.text)
    exit                                     0x00001ef5   Thumb Code    18  exit.o(.text)
    __rt_SIGFPE                              0x00001f07   Thumb Code    14  defsig_fpe_outer.o(.text)
    __sig_exit                               0x00001f15   Thumb Code    10  defsig_exit.o(.text)
    __rt_SIGFPE_inner                        0x00001f21   Thumb Code    62  defsig_fpe_inner.o(.text)
    strcmp                                   0x00001fcd   Thumb Code   128  strcmpv7m.o(.text)
    __default_signal_display                 0x0000204d   Thumb Code    50  defsig_general.o(.text)
    _btod_d2e                                0x0000207f   Thumb Code    62  btod.o(CL$$btod_d2e)
    _d2e_denorm_low                          0x000020bd   Thumb Code    70  btod.o(CL$$btod_d2e_denorm_low)
    _d2e_norm_op1                            0x00002103   Thumb Code    96  btod.o(CL$$btod_d2e_norm_op1)
    __btod_div_common                        0x00002163   Thumb Code   696  btod.o(CL$$btod_div_common)
    _e2e                                     0x0000249b   Thumb Code   220  btod.o(CL$$btod_e2e)
    _btod_ediv                               0x00002577   Thumb Code    42  btod.o(CL$$btod_ediv)
    _btod_emul                               0x000025a1   Thumb Code    42  btod.o(CL$$btod_emul)
    __btod_mult_common                       0x000025cb   Thumb Code   580  btod.o(CL$$btod_mult_common)
    ADC14_configureConversionMemory          0x00002811   Thumb Code    96  adc14.o(i.ADC14_configureConversionMemory)
    ADC_FFT_calcualtion                      0x00002889   Thumb Code   524  fft_calculate.o(i.ADC_FFT_calcualtion)
    ADC_Init                                 0x00002ad5   Thumb Code   312  adc.o(i.ADC_Init)
    Bluetooth_Init                           0x00002c31   Thumb Code    64  bluetooth.o(i.Bluetooth_Init)
    Bluetooth_THD_result                     0x00002c7d   Thumb Code   458  fft_calculate.o(i.Bluetooth_THD_result)
    Bluetooth_printf                         0x00002e7d   Thumb Code    62  bluetooth.o(i.Bluetooth_printf)
    CS_clearInterruptFlag                    0x00002ec9   Thumb Code    26  cs.o(i.CS_clearInterruptFlag)
    CS_getACLK                               0x00002eed   Thumb Code    20  cs.o(i.CS_getACLK)
    CS_getDCOFrequency                       0x00002f05   Thumb Code   234  cs.o(i.CS_getDCOFrequency)
    CS_getMCLK                               0x00003011   Thumb Code    20  cs.o(i.CS_getMCLK)
    CS_getSMCLK                              0x00003029   Thumb Code    18  cs.o(i.CS_getSMCLK)
    CS_setExternalClockSourceFrequency       0x00003041   Thumb Code     8  cs.o(i.CS_setExternalClockSourceFrequency)
    CS_startHFXT                             0x0000304d   Thumb Code     6  cs.o(i.CS_startHFXT)
    CS_startHFXTWithTimeout                  0x00003055   Thumb Code   144  cs.o(i.CS_startHFXTWithTimeout)
    CS_startLFXT                             0x000030f5   Thumb Code     6  cs.o(i.CS_startLFXT)
    CS_startLFXTWithTimeout                  0x000030fd   Thumb Code   144  cs.o(i.CS_startLFXTWithTimeout)
    DMA_INT1_IRQHandler                      0x0000319d   Thumb Code    94  adc.o(i.DMA_INT1_IRQHandler)
    DMA_assignInterrupt                      0x0000320d   Thumb Code    66  dma.o(i.DMA_assignInterrupt)
    DMA_enableInterrupt                      0x00003255   Thumb Code    56  dma.o(i.DMA_enableInterrupt)
    DMA_setChannelTransfer                   0x00003291   Thumb Code   124  dma.o(i.DMA_setChannelTransfer)
    I2C_Configuration                        0x00003311   Thumb Code    76  oled.o(i.I2C_Configuration)
    I2C_masterSendMultiByteFinish            0x00003369   Thumb Code    52  i2c.o(i.I2C_masterSendMultiByteFinish)
    I2C_masterSendMultiByteStart             0x0000339d   Thumb Code    52  i2c.o(i.I2C_masterSendMultiByteStart)
    Init                                     0x000033d1   Thumb Code    56  main.o(i.Init)
    LED_B_Off                                0x0000340d   Thumb Code    12  led.o(i.LED_B_Off)
    LED_G_Off                                0x0000341d   Thumb Code    12  led.o(i.LED_G_Off)
    LED_Init                                 0x0000342d   Thumb Code    44  led.o(i.LED_Init)
    LED_RED_Off                              0x0000345d   Thumb Code    12  led.o(i.LED_RED_Off)
    LED_R_Off                                0x0000346d   Thumb Code    12  led.o(i.LED_R_Off)
    OLED_Clear                               0x0000347d   Thumb Code    60  oled.o(i.OLED_Clear)
    OLED_ColorTurn                           0x000034b9   Thumb Code    22  oled.o(i.OLED_ColorTurn)
    OLED_DisplayTurn                         0x000034cf   Thumb Code    44  oled.o(i.OLED_DisplayTurn)
    OLED_Init                                0x000034fb   Thumb Code   238  oled.o(i.OLED_Init)
    OLED_Set_Pos                             0x000035e9   Thumb Code    40  oled.o(i.OLED_Set_Pos)
    OLED_ShowChar                            0x00003611   Thumb Code   128  oled.o(i.OLED_ShowChar)
    OLED_ShowNum                             0x00003699   Thumb Code   122  oled.o(i.OLED_ShowNum)
    OLED_ShowString                          0x00003713   Thumb Code    56  oled.o(i.OLED_ShowString)
    OLED_WR_Byte                             0x0000374d   Thumb Code    28  oled.o(i.OLED_WR_Byte)
    Screen_Init                              0x0000376d   Thumb Code    20  screen.o(i.Screen_Init)
    Screen_draw_point                        0x00003789   Thumb Code    62  screen.o(i.Screen_draw_point)
    Screen_drawline                          0x000037cd   Thumb Code    86  screen.o(i.Screen_drawline)
    Screen_setbeg                            0x00003829   Thumb Code    28  screen.o(i.Screen_setbeg)
    Screen_show_real_signal                  0x00003851   Thumb Code   448  fft_calculate.o(i.Screen_show_real_signal)
    SysCtl_A_disableNMISource                0x00003a31   Thumb Code    10  sysctl_a.o(i.SysCtl_A_disableNMISource)
    SysCtl_A_enableNMISource                 0x00003a41   Thumb Code    10  sysctl_a.o(i.SysCtl_A_enableNMISource)
    SysCtl_A_getNMISourceStatus              0x00003a51   Thumb Code    10  sysctl_a.o(i.SysCtl_A_getNMISourceStatus)
    SysCtl_A_getTLVInfo                      0x00003a61   Thumb Code    64  sysctl_a.o(i.SysCtl_A_getTLVInfo)
    SysInit                                  0x00003aa9   Thumb Code   126  sysinit.o(i.SysInit)
    SystemInit                               0x00003b35   Thumb Code    76  system_msp432p401r.o(i.SystemInit)
    UART_initModule                          0x00003b95   Thumb Code   146  uart.o(i.UART_initModule)
    USARTA0_SendString                       0x00003c29   Thumb Code    64  usart.o(i.USARTA0_SendString)
    __ARM_fpclassify                         0x00003dc9   Thumb Code    48  fpclassify.o(i.__ARM_fpclassify)
    __hardfp_sin                             0x00003df9   Thumb Code   180  sin.o(i.__hardfp_sin)
    __hardfp_sqrt                            0x00003ec1   Thumb Code   122  sqrt_full.o(i.__hardfp_sqrt)
    __ieee754_rem_pio2                       0x00003f41   Thumb Code   938  rred.o(i.__ieee754_rem_pio2)
    __kernel_cos                             0x00004379   Thumb Code   322  cos_i.o(i.__kernel_cos)
    __kernel_poly                            0x000044e9   Thumb Code   248  poly.o(i.__kernel_poly)
    __kernel_sin                             0x000045e1   Thumb Code   280  sin_i.o(i.__kernel_sin)
    __mathlib_dbl_infnan                     0x00004711   Thumb Code    20  dunder.o(i.__mathlib_dbl_infnan)
    __mathlib_dbl_invalid                    0x00004729   Thumb Code    24  dunder.o(i.__mathlib_dbl_invalid)
    __mathlib_dbl_underflow                  0x00004749   Thumb Code    24  dunder.o(i.__mathlib_dbl_underflow)
    _is_digit                                0x000048bf   Thumb Code    14  __printf_wp.o(i._is_digit)
    _sys_exit                                0x000048cd   Thumb Code     2  usart.o(i._sys_exit)
    _ttywrch                                 0x000048cf   Thumb Code     2  usart.o(i._ttywrch)
    bitPosition                              0x000048d1   Thumb Code    16  baudrate_calculate.o(i.bitPosition)
    delay_init                               0x000048e1   Thumb Code    30  delay.o(i.delay_init)
    eusci_calcBaudDividers                   0x00004909   Thumb Code   282  baudrate_calculate.o(i.eusci_calcBaudDividers)
    fabs                                     0x00004a35   Thumb Code    24  fabs.o(i.fabs)
    get_THD                                  0x00004a4d   Thumb Code   102  fft_calculate.o(i.get_THD)
    main                                     0x00004abd   Thumb Code    70  main.o(i.main)
    oled_pow                                 0x00004b09   Thumb Code    16  oled.o(i.oled_pow)
    show_THD_result                          0x00004b19   Thumb Code   306  fft_calculate.o(i.show_THD_result)
    uart_init                                0x00004c85   Thumb Code    64  usart.o(i.uart_init)
    _get_lc_numeric                          0x00004cd1   Thumb Code    44  lc_numeric_c.o(locale$$code)
    _get_lc_ctype                            0x00004cfd   Thumb Code    44  lc_ctype_c.o(locale$$code)
    __aeabi_dneg                             0x00004d29   Thumb Code     0  basic.o(x$fpl$basic)
    _dneg                                    0x00004d29   Thumb Code     6  basic.o(x$fpl$basic)
    __aeabi_fneg                             0x00004d2f   Thumb Code     0  basic.o(x$fpl$basic)
    _fneg                                    0x00004d2f   Thumb Code     6  basic.o(x$fpl$basic)
    _dabs                                    0x00004d35   Thumb Code     6  basic.o(x$fpl$basic)
    _fabs                                    0x00004d3b   Thumb Code     6  basic.o(x$fpl$basic)
    __aeabi_d2f                              0x00004d41   Thumb Code     0  d2f_clz.o(x$fpl$d2f)
    _d2f                                     0x00004d41   Thumb Code   700  d2f_clz.o(x$fpl$d2f)
    __aeabi_dadd                             0x00005005   Thumb Code     0  daddsub_clz.o(x$fpl$dadd)
    _dadd                                    0x00005005   Thumb Code   580  daddsub_clz.o(x$fpl$dadd)
    __aeabi_ddiv                             0x00005251   Thumb Code     0  ddiv_clz.o(x$fpl$ddiv)
    _ddiv                                    0x00005251   Thumb Code   748  ddiv_clz.o(x$fpl$ddiv)
    __aeabi_d2iz                             0x000055cd   Thumb Code     0  dfix.o(x$fpl$dfix)
    _dfix                                    0x000055cd   Thumb Code   192  dfix.o(x$fpl$dfix)
    __aeabi_i2d                              0x00005695   Thumb Code     0  dflt_clz.o(x$fpl$dflt)
    _dflt                                    0x00005695   Thumb Code    46  dflt_clz.o(x$fpl$dflt)
    __dflt_normalise                         0x000056c3   Thumb Code    26  dflt_clz.o(x$fpl$dfltn)
    __aeabi_ui2d                             0x000056dd   Thumb Code     0  dflt_clz.o(x$fpl$dfltu)
    _dfltu                                   0x000056dd   Thumb Code    38  dflt_clz.o(x$fpl$dfltu)
    __aeabi_dmul                             0x00005705   Thumb Code     0  dmul_clz.o(x$fpl$dmul)
    _dmul                                    0x00005705   Thumb Code   440  dmul_clz.o(x$fpl$dmul)
    __fpl_dnaninf                            0x000058c5   Thumb Code   258  dnaninf.o(x$fpl$dnaninf)
    __fpl_drenorm2                           0x000059c7   Thumb Code   106  drenorm_clz.o(x$fpl$drenorm)
    __fpl_drenorm1                           0x00005a31   Thumb Code     6  drenorm_clz.o(x$fpl$drenorm)
    __fpl_dretinf                            0x00005a37   Thumb Code    12  dretinf.o(x$fpl$dretinf)
    __aeabi_drsub                            0x00005a45   Thumb Code     0  daddsub_clz.o(x$fpl$drsb)
    _drsb                                    0x00005a45   Thumb Code    74  daddsub_clz.o(x$fpl$drsb)
    _dsqrt                                   0x00005a95   Thumb Code   520  dsqrt_umaalclz.o(x$fpl$dsqrt)
    __aeabi_dsub                             0x00005c9d   Thumb Code     0  daddsub_clz.o(x$fpl$dsub)
    _dsub                                    0x00005c9d   Thumb Code   664  daddsub_clz.o(x$fpl$dsub)
    __dunder                                 0x00005f39   Thumb Code   314  dunder_clz.o(x$fpl$dunder)
    __dunder_d                               0x00006073   Thumb Code    64  dunder_clz.o(x$fpl$dunder)
    __fpl_exception                          0x000060b5   Thumb Code   454  except.o(x$fpl$exception)
    __aeabi_f2d                              0x000062a1   Thumb Code     0  f2d.o(x$fpl$f2d)
    _f2d                                     0x000062a1   Thumb Code   122  f2d.o(x$fpl$f2d)
    __fpl_fnaninf                            0x0000631b   Thumb Code   242  fnaninf.o(x$fpl$fnaninf)
    _fp_init                                 0x0000640d   Thumb Code    10  fpinit.o(x$fpl$fpinit)
    __fplib_config_fpu_vfp                   0x00006415   Thumb Code     0  fpinit.o(x$fpl$fpinit)
    __fplib_config_pureend_doubles           0x00006415   Thumb Code     0  fpinit.o(x$fpl$fpinit)
    __fpl_fretinf                            0x00006417   Thumb Code    10  fretinf.o(x$fpl$fretinf)
    __funder                                 0x00006421   Thumb Code   254  funder_clz.o(x$fpl$funder)
    __funder_d                               0x0000651f   Thumb Code    62  funder_clz.o(x$fpl$funder)
    __ieee_status                            0x0000655d   Thumb Code    28  istatus.o(x$fpl$ieeestatus)
    _printf_fp_dec                           0x0000657d   Thumb Code     4  printf1.o(x$fpl$printf1)
    _printf_fp_hex                           0x00006581   Thumb Code     4  printf2.o(x$fpl$printf2)
    __fpl_return_NaN                         0x00006585   Thumb Code   178  retnan.o(x$fpl$retnan)
    _fp_trapveneer                           0x00006637   Thumb Code    36  trapv.o(x$fpl$trapveneer)
    __fpl_cmpreturn                          0x0000665b   Thumb Code    90  trapv.o(x$fpl$trapveneer)
    __I$use$fp                               0x000066b4   Number         0  usenofp.o(x$fpl$usenofp)
    asc2_0806                                0x000066dc   Data         552  oled.o(.constdata)
    asc2_1608                                0x00006904   Data        1520  oled.o(.constdata)
    Hzk                                      0x00006ef4   Data         224  oled.o(.constdata)
    timerA_PWM                               0x00006fe8   Data         192  adc.o(.constdata)
    armBitRevTable                           0x0000716c   Data        2048  arm_common_tables.o(.constdata)
    twiddleCoef_4096                         0x0000796c   Data       32768  arm_common_tables.o(.constdata)
    Region$$Table$$Base                      0x0000fb8c   Number         0  anon$$obj.o(Region$$Table)
    Region$$Table$$Limit                     0x0000fbac   Number         0  anon$$obj.o(Region$$Table)
    __ctype                                  0x0000fbd5   Data           0  lc_ctype_c.o(locale$$data)
    ADC_samplerate                           0x20000400   Data           1  adc.o(.data)
    ADC_State                                0x20000401   Data           1  adc.o(.data)
    resultsBufferPrimary                     0x2000050c   Data        2048  adc.o(.bss)
    resultsBufferAlternate                   0x20000d0c   Data        2048  adc.o(.bss)
    USART3_TX_BUF                            0x20001510   Data         400  bluetooth.o(.bss)
    basewave                                 0x200016a0   Data          28  fft_calculate.o(.bss)
    __libspace_start                         0x200046dc   Data          96  libspace.o(.bss)
    __temporary_stack_top$libspace           0x2000473c   Data           0  libspace.o(.bss)



==============================================================================

Memory Map of the image

  Image Entry point : 0x00000145

  Load Region LR_IROM1 (Base: 0x00000000, Size: 0x000100e4, Max: 0x00040000, ABSOLUTE, COMPRESSED[0x0000fce4])

    Execution Region ER_IROM1 (Exec base: 0x00000000, Load base: 0x00000000, Size: 0x0000fcd8, Max: 0x00040000, ABSOLUTE)

    Exec Addr    Load Addr    Size         Type   Attr      Idx    E Section Name        Object

    0x00000000   0x00000000   0x00000144   Data   RO           73    RESET               startup_msp432p401r_uvision.o
    0x00000144   0x00000144   0x00000008   Code   RO         2449  * !!!main             c_w.l(__main.o)
    0x0000014c   0x0000014c   0x00000034   Code   RO         2899    !!!scatter          c_w.l(__scatter.o)
    0x00000180   0x00000180   0x0000003a   Code   RO         2897    !!dczerorl          c_w.l(__dczerorl.o)
    0x000001ba   0x000001ba   0x00000002   PAD
    0x000001bc   0x000001bc   0x0000001c   Code   RO         2901    !!handler_zi        c_w.l(__scatter_zi.o)
    0x000001d8   0x000001d8   0x00000000   Code   RO         2587    .ARM.Collect$$_printf_percent$$00000000  c_w.l(_printf_percent.o)
    0x000001d8   0x000001d8   0x00000006   Code   RO         2576    .ARM.Collect$$_printf_percent$$00000001  c_w.l(_printf_n.o)
    0x000001de   0x000001de   0x00000006   Code   RO         2578    .ARM.Collect$$_printf_percent$$00000002  c_w.l(_printf_p.o)
    0x000001e4   0x000001e4   0x00000006   Code   RO         2583    .ARM.Collect$$_printf_percent$$00000003  c_w.l(_printf_f.o)
    0x000001ea   0x000001ea   0x00000006   Code   RO         2584    .ARM.Collect$$_printf_percent$$00000004  c_w.l(_printf_e.o)
    0x000001f0   0x000001f0   0x00000006   Code   RO         2585    .ARM.Collect$$_printf_percent$$00000005  c_w.l(_printf_g.o)
    0x000001f6   0x000001f6   0x00000006   Code   RO         2586    .ARM.Collect$$_printf_percent$$00000006  c_w.l(_printf_a.o)
    0x000001fc   0x000001fc   0x0000000a   Code   RO         2591    .ARM.Collect$$_printf_percent$$00000007  c_w.l(_printf_ll.o)
    0x00000206   0x00000206   0x00000006   Code   RO         2580    .ARM.Collect$$_printf_percent$$00000008  c_w.l(_printf_i.o)
    0x0000020c   0x0000020c   0x00000006   Code   RO         2581    .ARM.Collect$$_printf_percent$$00000009  c_w.l(_printf_d.o)
    0x00000212   0x00000212   0x00000006   Code   RO         2582    .ARM.Collect$$_printf_percent$$0000000A  c_w.l(_printf_u.o)
    0x00000218   0x00000218   0x00000006   Code   RO         2579    .ARM.Collect$$_printf_percent$$0000000B  c_w.l(_printf_o.o)
    0x0000021e   0x0000021e   0x00000006   Code   RO         2577    .ARM.Collect$$_printf_percent$$0000000C  c_w.l(_printf_x.o)
    0x00000224   0x00000224   0x00000006   Code   RO         2588    .ARM.Collect$$_printf_percent$$0000000D  c_w.l(_printf_lli.o)
    0x0000022a   0x0000022a   0x00000006   Code   RO         2589    .ARM.Collect$$_printf_percent$$0000000E  c_w.l(_printf_lld.o)
    0x00000230   0x00000230   0x00000006   Code   RO         2590    .ARM.Collect$$_printf_percent$$0000000F  c_w.l(_printf_llu.o)
    0x00000236   0x00000236   0x00000006   Code   RO         2595    .ARM.Collect$$_printf_percent$$00000010  c_w.l(_printf_llo.o)
    0x0000023c   0x0000023c   0x00000006   Code   RO         2596    .ARM.Collect$$_printf_percent$$00000011  c_w.l(_printf_llx.o)
    0x00000242   0x00000242   0x0000000a   Code   RO         2592    .ARM.Collect$$_printf_percent$$00000012  c_w.l(_printf_l.o)
    0x0000024c   0x0000024c   0x00000006   Code   RO         2574    .ARM.Collect$$_printf_percent$$00000013  c_w.l(_printf_c.o)
    0x00000252   0x00000252   0x00000006   Code   RO         2575    .ARM.Collect$$_printf_percent$$00000014  c_w.l(_printf_s.o)
    0x00000258   0x00000258   0x00000006   Code   RO         2593    .ARM.Collect$$_printf_percent$$00000015  c_w.l(_printf_lc.o)
    0x0000025e   0x0000025e   0x00000006   Code   RO         2594    .ARM.Collect$$_printf_percent$$00000016  c_w.l(_printf_ls.o)
    0x00000264   0x00000264   0x00000004   Code   RO         2697    .ARM.Collect$$_printf_percent$$00000017  c_w.l(_printf_percent_end.o)
    0x00000268   0x00000268   0x00000002   Code   RO         2767    .ARM.Collect$$libinit$$00000000  c_w.l(libinit.o)
    0x0000026a   0x0000026a   0x00000004   Code   RO         2783    .ARM.Collect$$libinit$$00000001  c_w.l(libinit2.o)
    0x0000026e   0x0000026e   0x00000000   Code   RO         2786    .ARM.Collect$$libinit$$00000004  c_w.l(libinit2.o)
    0x0000026e   0x0000026e   0x00000000   Code   RO         2789    .ARM.Collect$$libinit$$0000000A  c_w.l(libinit2.o)
    0x0000026e   0x0000026e   0x00000000   Code   RO         2791    .ARM.Collect$$libinit$$0000000C  c_w.l(libinit2.o)
    0x0000026e   0x0000026e   0x00000000   Code   RO         2793    .ARM.Collect$$libinit$$0000000E  c_w.l(libinit2.o)
    0x0000026e   0x0000026e   0x00000006   Code   RO         2794    .ARM.Collect$$libinit$$0000000F  c_w.l(libinit2.o)
    0x00000274   0x00000274   0x00000000   Code   RO         2796    .ARM.Collect$$libinit$$00000011  c_w.l(libinit2.o)
    0x00000274   0x00000274   0x0000000c   Code   RO         2797    .ARM.Collect$$libinit$$00000012  c_w.l(libinit2.o)
    0x00000280   0x00000280   0x00000000   Code   RO         2798    .ARM.Collect$$libinit$$00000013  c_w.l(libinit2.o)
    0x00000280   0x00000280   0x00000000   Code   RO         2800    .ARM.Collect$$libinit$$00000015  c_w.l(libinit2.o)
    0x00000280   0x00000280   0x0000000a   Code   RO         2801    .ARM.Collect$$libinit$$00000016  c_w.l(libinit2.o)
    0x0000028a   0x0000028a   0x00000000   Code   RO         2802    .ARM.Collect$$libinit$$00000017  c_w.l(libinit2.o)
    0x0000028a   0x0000028a   0x00000000   Code   RO         2804    .ARM.Collect$$libinit$$00000019  c_w.l(libinit2.o)
    0x0000028a   0x0000028a   0x00000000   Code   RO         2806    .ARM.Collect$$libinit$$0000001B  c_w.l(libinit2.o)
    0x0000028a   0x0000028a   0x00000000   Code   RO         2808    .ARM.Collect$$libinit$$0000001D  c_w.l(libinit2.o)
    0x0000028a   0x0000028a   0x00000000   Code   RO         2810    .ARM.Collect$$libinit$$0000001F  c_w.l(libinit2.o)
    0x0000028a   0x0000028a   0x00000000   Code   RO         2812    .ARM.Collect$$libinit$$00000021  c_w.l(libinit2.o)
    0x0000028a   0x0000028a   0x00000000   Code   RO         2814    .ARM.Collect$$libinit$$00000023  c_w.l(libinit2.o)
    0x0000028a   0x0000028a   0x00000000   Code   RO         2816    .ARM.Collect$$libinit$$00000025  c_w.l(libinit2.o)
    0x0000028a   0x0000028a   0x00000000   Code   RO         2820    .ARM.Collect$$libinit$$0000002C  c_w.l(libinit2.o)
    0x0000028a   0x0000028a   0x00000000   Code   RO         2822    .ARM.Collect$$libinit$$0000002E  c_w.l(libinit2.o)
    0x0000028a   0x0000028a   0x00000000   Code   RO         2824    .ARM.Collect$$libinit$$00000030  c_w.l(libinit2.o)
    0x0000028a   0x0000028a   0x00000000   Code   RO         2826    .ARM.Collect$$libinit$$00000032  c_w.l(libinit2.o)
    0x0000028a   0x0000028a   0x00000002   Code   RO         2827    .ARM.Collect$$libinit$$00000033  c_w.l(libinit2.o)
    0x0000028c   0x0000028c   0x00000002   Code   RO         2851    .ARM.Collect$$libshutdown$$00000000  c_w.l(libshutdown.o)
    0x0000028e   0x0000028e   0x00000000   Code   RO         2877    .ARM.Collect$$libshutdown$$00000002  c_w.l(libshutdown2.o)
    0x0000028e   0x0000028e   0x00000000   Code   RO         2879    .ARM.Collect$$libshutdown$$00000004  c_w.l(libshutdown2.o)
    0x0000028e   0x0000028e   0x00000000   Code   RO         2881    .ARM.Collect$$libshutdown$$00000006  c_w.l(libshutdown2.o)
    0x0000028e   0x0000028e   0x00000000   Code   RO         2884    .ARM.Collect$$libshutdown$$00000009  c_w.l(libshutdown2.o)
    0x0000028e   0x0000028e   0x00000000   Code   RO         2887    .ARM.Collect$$libshutdown$$0000000C  c_w.l(libshutdown2.o)
    0x0000028e   0x0000028e   0x00000000   Code   RO         2889    .ARM.Collect$$libshutdown$$0000000E  c_w.l(libshutdown2.o)
    0x0000028e   0x0000028e   0x00000000   Code   RO         2892    .ARM.Collect$$libshutdown$$00000011  c_w.l(libshutdown2.o)
    0x0000028e   0x0000028e   0x00000002   Code   RO         2893    .ARM.Collect$$libshutdown$$00000012  c_w.l(libshutdown2.o)
    0x00000290   0x00000290   0x00000000   Code   RO         2503    .ARM.Collect$$rtentry$$00000000  c_w.l(__rtentry.o)
    0x00000290   0x00000290   0x00000000   Code   RO         2661    .ARM.Collect$$rtentry$$00000002  c_w.l(__rtentry2.o)
    0x00000290   0x00000290   0x00000006   Code   RO         2673    .ARM.Collect$$rtentry$$00000004  c_w.l(__rtentry4.o)
    0x00000296   0x00000296   0x00000000   Code   RO         2663    .ARM.Collect$$rtentry$$00000009  c_w.l(__rtentry2.o)
    0x00000296   0x00000296   0x00000004   Code   RO         2664    .ARM.Collect$$rtentry$$0000000A  c_w.l(__rtentry2.o)
    0x0000029a   0x0000029a   0x00000000   Code   RO         2666    .ARM.Collect$$rtentry$$0000000C  c_w.l(__rtentry2.o)
    0x0000029a   0x0000029a   0x00000008   Code   RO         2667    .ARM.Collect$$rtentry$$0000000D  c_w.l(__rtentry2.o)
    0x000002a2   0x000002a2   0x00000002   Code   RO         2770    .ARM.Collect$$rtexit$$00000000  c_w.l(rtexit.o)
    0x000002a4   0x000002a4   0x00000000   Code   RO         2829    .ARM.Collect$$rtexit$$00000002  c_w.l(rtexit2.o)
    0x000002a4   0x000002a4   0x00000004   Code   RO         2830    .ARM.Collect$$rtexit$$00000003  c_w.l(rtexit2.o)
    0x000002a8   0x000002a8   0x00000006   Code   RO         2831    .ARM.Collect$$rtexit$$00000004  c_w.l(rtexit2.o)
    0x000002ae   0x000002ae   0x00000002   PAD
    0x000002b0   0x000002b0   0x0000003c   Code   RO           74    .text               startup_msp432p401r_uvision.o
    0x000002ec   0x000002ec   0x000000fc   Code   RO         1928    .text               arm_cortexM4lf_math.lib(arm_cmplx_mag_f32.o)
    0x000003e8   0x000003e8   0x000006a0   Code   RO         1980    .text               arm_cortexM4lf_math.lib(arm_cfft_radix4_f32.o)
    0x00000a88   0x00000a88   0x000000c0   Code   RO         2007    .text               arm_cortexM4lf_math.lib(arm_cfft_radix4_init_f32.o)
    0x00000b48   0x00000b48   0x000001d6   Code   RO         2310    .text               arm_cortexM4lf_math.lib(arm_bitreversal.o)
    0x00000d1e   0x00000d1e   0x00000002   Code   RO         2437    .text               c_w.l(use_no_semi_2.o)
    0x00000d20   0x00000d20   0x00000024   Code   RO         2439    .text               c_w.l(vsprintf.o)
    0x00000d44   0x00000d44   0x0000003e   Code   RO         2441    .text               c_w.l(strlen.o)
    0x00000d82   0x00000d82   0x00000064   Code   RO         2443    .text               c_w.l(rt_memcpy_w.o)
    0x00000de6   0x00000de6   0x00000044   Code   RO         2445    .text               c_w.l(rt_memclr.o)
    0x00000e2a   0x00000e2a   0x00000006   Code   RO         2447    .text               c_w.l(heapauxi.o)
    0x00000e30   0x00000e30   0x00000002   Code   RO         2501    .text               c_w.l(use_no_semi.o)
    0x00000e32   0x00000e32   0x00000016   Code   RO         2504    .text               c_w.l(_rserrno.o)
    0x00000e48   0x00000e48   0x0000004e   Code   RO         2508    .text               c_w.l(_printf_pad.o)
    0x00000e96   0x00000e96   0x00000024   Code   RO         2510    .text               c_w.l(_printf_truncate.o)
    0x00000eba   0x00000eba   0x00000052   Code   RO         2512    .text               c_w.l(_printf_str.o)
    0x00000f0c   0x00000f0c   0x00000078   Code   RO         2514    .text               c_w.l(_printf_dec.o)
    0x00000f84   0x00000f84   0x00000028   Code   RO         2516    .text               c_w.l(_printf_charcount.o)
    0x00000fac   0x00000fac   0x00000030   Code   RO         2518    .text               c_w.l(_printf_char_common.o)
    0x00000fdc   0x00000fdc   0x0000000a   Code   RO         2520    .text               c_w.l(_sputc.o)
    0x00000fe6   0x00000fe6   0x00000002   PAD
    0x00000fe8   0x00000fe8   0x000000bc   Code   RO         2522    .text               c_w.l(_printf_wctomb.o)
    0x000010a4   0x000010a4   0x0000007c   Code   RO         2525    .text               c_w.l(_printf_longlong_dec.o)
    0x00001120   0x00001120   0x00000070   Code   RO         2531    .text               c_w.l(_printf_oct_int_ll.o)
    0x00001190   0x00001190   0x00000094   Code   RO         2551    .text               c_w.l(_printf_hex_int_ll_ptr.o)
    0x00001224   0x00001224   0x00000188   Code   RO         2571    .text               c_w.l(__printf_flags_ss_wp.o)
    0x000013ac   0x000013ac   0x0000004e   Code   RO         2597    .text               c_w.l(rt_memclr_w.o)
    0x000013fa   0x000013fa   0x00000002   PAD
    0x000013fc   0x000013fc   0x00000008   Code   RO         2678    .text               c_w.l(rt_errno_addr_intlibspace.o)
    0x00001404   0x00001404   0x0000008a   Code   RO         2680    .text               c_w.l(lludiv10.o)
    0x0000148e   0x0000148e   0x00000002   PAD
    0x00001490   0x00001490   0x00000030   Code   RO         2682    .text               c_w.l(_fptrap.o)
    0x000014c0   0x000014c0   0x000000b2   Code   RO         2684    .text               c_w.l(_printf_intcommon.o)
    0x00001572   0x00001572   0x0000041e   Code   RO         2686    .text               c_w.l(_printf_fp_dec.o)
    0x00001990   0x00001990   0x000002fc   Code   RO         2688    .text               c_w.l(_printf_fp_hex.o)
    0x00001c8c   0x00001c8c   0x0000002c   Code   RO         2693    .text               c_w.l(_printf_char.o)
    0x00001cb8   0x00001cb8   0x0000002c   Code   RO         2695    .text               c_w.l(_printf_wchar.o)
    0x00001ce4   0x00001ce4   0x00000040   Code   RO         2698    .text               c_w.l(_wcrtomb.o)
    0x00001d24   0x00001d24   0x00000008   Code   RO         2714    .text               c_w.l(libspace.o)
    0x00001d2c   0x00001d2c   0x0000004a   Code   RO         2717    .text               c_w.l(sys_stackheap_outer.o)
    0x00001d76   0x00001d76   0x00000002   PAD
    0x00001d78   0x00001d78   0x00000010   Code   RO         2719    .text               c_w.l(rt_ctype_table.o)
    0x00001d88   0x00001d88   0x00000008   Code   RO         2724    .text               c_w.l(rt_locale_intlibspace.o)
    0x00001d90   0x00001d90   0x00000080   Code   RO         2726    .text               c_w.l(_printf_fp_infnan.o)
    0x00001e10   0x00001e10   0x000000e4   Code   RO         2728    .text               c_w.l(bigflt0.o)
    0x00001ef4   0x00001ef4   0x00000012   Code   RO         2756    .text               c_w.l(exit.o)
    0x00001f06   0x00001f06   0x0000000e   Code   RO         2758    .text               c_w.l(defsig_fpe_outer.o)
    0x00001f14   0x00001f14   0x0000000a   Code   RO         2777    .text               c_w.l(defsig_exit.o)
    0x00001f1e   0x00001f1e   0x00000002   PAD
    0x00001f20   0x00001f20   0x000000ac   Code   RO         2779    .text               c_w.l(defsig_fpe_inner.o)
    0x00001fcc   0x00001fcc   0x00000080   Code   RO         2781    .text               c_w.l(strcmpv7m.o)
    0x0000204c   0x0000204c   0x00000032   Code   RO         2837    .text               c_w.l(defsig_general.o)
    0x0000207e   0x0000207e   0x0000003e   Code   RO         2731    CL$$btod_d2e        c_w.l(btod.o)
    0x000020bc   0x000020bc   0x00000046   Code   RO         2733    CL$$btod_d2e_denorm_low  c_w.l(btod.o)
    0x00002102   0x00002102   0x00000060   Code   RO         2732    CL$$btod_d2e_norm_op1  c_w.l(btod.o)
    0x00002162   0x00002162   0x00000338   Code   RO         2741    CL$$btod_div_common  c_w.l(btod.o)
    0x0000249a   0x0000249a   0x000000dc   Code   RO         2738    CL$$btod_e2e        c_w.l(btod.o)
    0x00002576   0x00002576   0x0000002a   Code   RO         2735    CL$$btod_ediv       c_w.l(btod.o)
    0x000025a0   0x000025a0   0x0000002a   Code   RO         2734    CL$$btod_emul       c_w.l(btod.o)
    0x000025ca   0x000025ca   0x00000244   Code   RO         2740    CL$$btod_mult_common  c_w.l(btod.o)
    0x0000280e   0x0000280e   0x00000002   PAD
    0x00002810   0x00002810   0x00000064   Code   RO          819    i.ADC14_configureConversionMemory  msp432p4xx_driverlib.lib(adc14.o)
    0x00002874   0x00002874   0x00000014   Code   RO          851    i.ADCIsConversionRunning  msp432p4xx_driverlib.lib(adc14.o)
    0x00002888   0x00002888   0x0000024c   Code   RO          759    i.ADC_FFT_calcualtion  fft_calculate.o
    0x00002ad4   0x00002ad4   0x0000015c   Code   RO          638    i.ADC_Init          adc.o
    0x00002c30   0x00002c30   0x0000004c   Code   RO          722    i.Bluetooth_Init    bluetooth.o
    0x00002c7c   0x00002c7c   0x00000200   Code   RO          760    i.Bluetooth_THD_result  fft_calculate.o
    0x00002e7c   0x00002e7c   0x0000004c   Code   RO          723    i.Bluetooth_printf  bluetooth.o
    0x00002ec8   0x00002ec8   0x00000024   Code   RO         1090    i.CS_clearInterruptFlag  msp432p4xx_driverlib.lib(cs.o)
    0x00002eec   0x00002eec   0x00000018   Code   RO         1099    i.CS_getACLK        msp432p4xx_driverlib.lib(cs.o)
    0x00002f04   0x00002f04   0x0000010c   Code   RO         1101    i.CS_getDCOFrequency  msp432p4xx_driverlib.lib(cs.o)
    0x00003010   0x00003010   0x00000018   Code   RO         1105    i.CS_getMCLK        msp432p4xx_driverlib.lib(cs.o)
    0x00003028   0x00003028   0x00000018   Code   RO         1106    i.CS_getSMCLK       msp432p4xx_driverlib.lib(cs.o)
    0x00003040   0x00003040   0x0000000c   Code   RO         1113    i.CS_setExternalClockSourceFrequency  msp432p4xx_driverlib.lib(cs.o)
    0x0000304c   0x0000304c   0x00000006   Code   RO         1116    i.CS_startHFXT      msp432p4xx_driverlib.lib(cs.o)
    0x00003052   0x00003052   0x00000002   PAD
    0x00003054   0x00003054   0x000000a0   Code   RO         1117    i.CS_startHFXTWithTimeout  msp432p4xx_driverlib.lib(cs.o)
    0x000030f4   0x000030f4   0x00000006   Code   RO         1118    i.CS_startLFXT      msp432p4xx_driverlib.lib(cs.o)
    0x000030fa   0x000030fa   0x00000002   PAD
    0x000030fc   0x000030fc   0x000000a0   Code   RO         1119    i.CS_startLFXTWithTimeout  msp432p4xx_driverlib.lib(cs.o)
    0x0000319c   0x0000319c   0x00000070   Code   RO          639    i.DMA_INT1_IRQHandler  adc.o
    0x0000320c   0x0000320c   0x00000048   Code   RO         1317    i.DMA_assignInterrupt  msp432p4xx_driverlib.lib(dma.o)
    0x00003254   0x00003254   0x0000003c   Code   RO         1326    i.DMA_enableInterrupt  msp432p4xx_driverlib.lib(dma.o)
    0x00003290   0x00003290   0x00000080   Code   RO         1341    i.DMA_setChannelTransfer  msp432p4xx_driverlib.lib(dma.o)
    0x00003310   0x00003310   0x00000058   Code   RO          526    i.I2C_Configuration  oled.o
    0x00003368   0x00003368   0x00000034   Code   RO         1529    i.I2C_masterSendMultiByteFinish  msp432p4xx_driverlib.lib(i2c.o)
    0x0000339c   0x0000339c   0x00000034   Code   RO         1533    i.I2C_masterSendMultiByteStart  msp432p4xx_driverlib.lib(i2c.o)
    0x000033d0   0x000033d0   0x0000003c   Code   RO           81    i.Init              main.o
    0x0000340c   0x0000340c   0x00000010   Code   RO          403    i.LED_B_Off         led.o
    0x0000341c   0x0000341c   0x00000010   Code   RO          407    i.LED_G_Off         led.o
    0x0000342c   0x0000342c   0x00000030   Code   RO          410    i.LED_Init          led.o
    0x0000345c   0x0000345c   0x00000010   Code   RO          412    i.LED_RED_Off       led.o
    0x0000346c   0x0000346c   0x00000010   Code   RO          415    i.LED_R_Off         led.o
    0x0000347c   0x0000347c   0x0000003c   Code   RO          527    i.OLED_Clear        oled.o
    0x000034b8   0x000034b8   0x00000016   Code   RO          528    i.OLED_ColorTurn    oled.o
    0x000034ce   0x000034ce   0x0000002c   Code   RO          529    i.OLED_DisplayTurn  oled.o
    0x000034fa   0x000034fa   0x000000ee   Code   RO          533    i.OLED_Init         oled.o
    0x000035e8   0x000035e8   0x00000028   Code   RO          534    i.OLED_Set_Pos      oled.o
    0x00003610   0x00003610   0x00000088   Code   RO          535    i.OLED_ShowChar     oled.o
    0x00003698   0x00003698   0x0000007a   Code   RO          537    i.OLED_ShowNum      oled.o
    0x00003712   0x00003712   0x00000038   Code   RO          538    i.OLED_ShowString   oled.o
    0x0000374a   0x0000374a   0x00000002   PAD
    0x0000374c   0x0000374c   0x00000020   Code   RO          539    i.OLED_WR_Byte      oled.o
    0x0000376c   0x0000376c   0x0000001c   Code   RO          679    i.Screen_Init       screen.o
    0x00003788   0x00003788   0x00000044   Code   RO          680    i.Screen_draw_point  screen.o
    0x000037cc   0x000037cc   0x0000005c   Code   RO          681    i.Screen_drawline   screen.o
    0x00003828   0x00003828   0x00000028   Code   RO          682    i.Screen_setbeg     screen.o
    0x00003850   0x00003850   0x000001e0   Code   RO          761    i.Screen_show_real_signal  fft_calculate.o
    0x00003a30   0x00003a30   0x00000010   Code   RO         2179    i.SysCtl_A_disableNMISource  msp432p4xx_driverlib.lib(sysctl_a.o)
    0x00003a40   0x00003a40   0x00000010   Code   RO         2184    i.SysCtl_A_enableNMISource  msp432p4xx_driverlib.lib(sysctl_a.o)
    0x00003a50   0x00003a50   0x00000010   Code   RO         2190    i.SysCtl_A_getNMISourceStatus  msp432p4xx_driverlib.lib(sysctl_a.o)
    0x00003a60   0x00003a60   0x00000048   Code   RO         2192    i.SysCtl_A_getTLVInfo  msp432p4xx_driverlib.lib(sysctl_a.o)
    0x00003aa8   0x00003aa8   0x0000008c   Code   RO          311    i.SysInit           sysinit.o
    0x00003b34   0x00003b34   0x00000060   Code   RO            5    i.SystemInit        system_msp432p401r.o
    0x00003b94   0x00003b94   0x00000092   Code   RO         1796    i.UART_initModule   msp432p4xx_driverlib.lib(uart.o)
    0x00003c26   0x00003c26   0x00000002   PAD
    0x00003c28   0x00003c28   0x00000048   Code   RO          251    i.USARTA0_SendString  usart.o
    0x00003c70   0x00003c70   0x000000c0   Code   RO         1122    i._CSComputeCLKFrequency  msp432p4xx_driverlib.lib(cs.o)
    0x00003d30   0x00003d30   0x00000098   Code   RO         1123    i._CSGetHFXTFrequency  msp432p4xx_driverlib.lib(cs.o)
    0x00003dc8   0x00003dc8   0x00000030   Code   RO         2710    i.__ARM_fpclassify  m_wm.l(fpclassify.o)
    0x00003df8   0x00003df8   0x000000c8   Code   RO         2477    i.__hardfp_sin      m_wm.l(sin.o)
    0x00003ec0   0x00003ec0   0x0000007a   Code   RO         2489    i.__hardfp_sqrt     m_wm.l(sqrt_full.o)
    0x00003f3a   0x00003f3a   0x00000006   PAD
    0x00003f40   0x00003f40   0x00000438   Code   RO         2649    i.__ieee754_rem_pio2  m_wm.l(rred.o)
    0x00004378   0x00004378   0x00000170   Code   RO         2632    i.__kernel_cos      m_wm.l(cos_i.o)
    0x000044e8   0x000044e8   0x000000f8   Code   RO         2712    i.__kernel_poly     m_wm.l(poly.o)
    0x000045e0   0x000045e0   0x00000130   Code   RO         2654    i.__kernel_sin      m_wm.l(sin_i.o)
    0x00004710   0x00004710   0x00000014   Code   RO         2636    i.__mathlib_dbl_infnan  m_wm.l(dunder.o)
    0x00004724   0x00004724   0x00000004   PAD
    0x00004728   0x00004728   0x00000020   Code   RO         2638    i.__mathlib_dbl_invalid  m_wm.l(dunder.o)
    0x00004748   0x00004748   0x00000020   Code   RO         2641    i.__mathlib_dbl_underflow  m_wm.l(dunder.o)
    0x00004768   0x00004768   0x00000156   Code   RO          852    i._getIndexForMemRegister  msp432p4xx_driverlib.lib(adc14.o)
    0x000048be   0x000048be   0x0000000e   Code   RO         2564    i._is_digit         c_w.l(__printf_wp.o)
    0x000048cc   0x000048cc   0x00000002   Code   RO          252    i._sys_exit         usart.o
    0x000048ce   0x000048ce   0x00000002   Code   RO          253    i._ttywrch          usart.o
    0x000048d0   0x000048d0   0x00000010   Code   RO          373    i.bitPosition       baudrate_calculate.o
    0x000048e0   0x000048e0   0x00000028   Code   RO          335    i.delay_init        delay.o
    0x00004908   0x00004908   0x0000012c   Code   RO          374    i.eusci_calcBaudDividers  baudrate_calculate.o
    0x00004a34   0x00004a34   0x00000018   Code   RO         2706    i.fabs              m_wm.l(fabs.o)
    0x00004a4c   0x00004a4c   0x00000070   Code   RO          762    i.get_THD           fft_calculate.o
    0x00004abc   0x00004abc   0x0000004c   Code   RO           82    i.main              main.o
    0x00004b08   0x00004b08   0x00000010   Code   RO          540    i.oled_pow          oled.o
    0x00004b18   0x00004b18   0x0000016c   Code   RO          763    i.show_THD_result   fft_calculate.o
    0x00004c84   0x00004c84   0x0000004c   Code   RO          255    i.uart_init         usart.o
    0x00004cd0   0x00004cd0   0x0000002c   Code   RO         2754    locale$$code        c_w.l(lc_numeric_c.o)
    0x00004cfc   0x00004cfc   0x0000002c   Code   RO         2775    locale$$code        c_w.l(lc_ctype_c.o)
    0x00004d28   0x00004d28   0x00000018   Code   RO         2599    x$fpl$basic         g_wm.l(basic.o)
    0x00004d40   0x00004d40   0x000002c4   Code   RO         2451    x$fpl$d2f           g_wm.l(d2f_clz.o)
    0x00005004   0x00005004   0x0000024c   Code   RO         2453    x$fpl$dadd          g_wm.l(daddsub_clz.o)
    0x00005250   0x00005250   0x0000037c   Code   RO         2460    x$fpl$ddiv          g_wm.l(ddiv_clz.o)
    0x000055cc   0x000055cc   0x000000c8   Code   RO         2463    x$fpl$dfix          g_wm.l(dfix.o)
    0x00005694   0x00005694   0x0000002e   Code   RO         2468    x$fpl$dflt          g_wm.l(dflt_clz.o)
    0x000056c2   0x000056c2   0x0000001a   Code   RO         2469    x$fpl$dfltn         g_wm.l(dflt_clz.o)
    0x000056dc   0x000056dc   0x00000026   Code   RO         2467    x$fpl$dfltu         g_wm.l(dflt_clz.o)
    0x00005702   0x00005702   0x00000002   PAD
    0x00005704   0x00005704   0x000001c0   Code   RO         2473    x$fpl$dmul          g_wm.l(dmul_clz.o)
    0x000058c4   0x000058c4   0x00000102   Code   RO         2603    x$fpl$dnaninf       g_wm.l(dnaninf.o)
    0x000059c6   0x000059c6   0x00000070   Code   RO         2605    x$fpl$drenorm       g_wm.l(drenorm_clz.o)
    0x00005a36   0x00005a36   0x0000000c   Code   RO         2607    x$fpl$dretinf       g_wm.l(dretinf.o)
    0x00005a42   0x00005a42   0x00000002   PAD
    0x00005a44   0x00005a44   0x00000050   Code   RO         2454    x$fpl$drsb          g_wm.l(daddsub_clz.o)
    0x00005a94   0x00005a94   0x00000208   Code   RO         2609    x$fpl$dsqrt         g_wm.l(dsqrt_umaalclz.o)
    0x00005c9c   0x00005c9c   0x0000029c   Code   RO         2455    x$fpl$dsub          g_wm.l(daddsub_clz.o)
    0x00005f38   0x00005f38   0x0000017a   Code   RO         2611    x$fpl$dunder        g_wm.l(dunder_clz.o)
    0x000060b2   0x000060b2   0x00000002   PAD
    0x000060b4   0x000060b4   0x000001ec   Code   RO         2613    x$fpl$exception     g_wm.l(except.o)
    0x000062a0   0x000062a0   0x0000007a   Code   RO         2475    x$fpl$f2d           g_wm.l(f2d.o)
    0x0000631a   0x0000631a   0x000000f2   Code   RO         2615    x$fpl$fnaninf       g_wm.l(fnaninf.o)
    0x0000640c   0x0000640c   0x0000000a   Code   RO         2841    x$fpl$fpinit        g_wm.l(fpinit.o)
    0x00006416   0x00006416   0x0000000a   Code   RO         2617    x$fpl$fretinf       g_wm.l(fretinf.o)
    0x00006420   0x00006420   0x0000013c   Code   RO         2619    x$fpl$funder        g_wm.l(funder_clz.o)
    0x0000655c   0x0000655c   0x00000020   Code   RO         2768    x$fpl$ieeestatus    g_wm.l(istatus.o)
    0x0000657c   0x0000657c   0x00000004   Code   RO         2621    x$fpl$printf1       g_wm.l(printf1.o)
    0x00006580   0x00006580   0x00000004   Code   RO         2623    x$fpl$printf2       g_wm.l(printf2.o)
    0x00006584   0x00006584   0x000000b2   Code   RO         2702    x$fpl$retnan        g_wm.l(retnan.o)
    0x00006636   0x00006636   0x0000007e   Code   RO         2629    x$fpl$trapveneer    g_wm.l(trapv.o)
    0x000066b4   0x000066b4   0x00000000   Code   RO         2631    x$fpl$usenofp       g_wm.l(usenofp.o)
    0x000066b4   0x000066b4   0x00000028   Data   RO          257    .constdata          usart.o
    0x000066dc   0x000066dc   0x0000090c   Data   RO          541    .constdata          oled.o
    0x00006fe8   0x00006fe8   0x000000c0   Data   RO          641    .constdata          adc.o
    0x000070a8   0x000070a8   0x0000001a   Data   RO          683    .constdata          screen.o
    0x000070c2   0x000070c2   0x00000002   PAD
    0x000070c4   0x000070c4   0x00000028   Data   RO          725    .constdata          bluetooth.o
    0x000070ec   0x000070ec   0x00000080   Data   RO          853    .constdata          msp432p4xx_driverlib.lib(adc14.o)
    0x0000716c   0x0000716c   0x00000800   Data   RO         2334    .constdata          arm_cortexM4lf_math.lib(arm_common_tables.o)
    0x0000796c   0x0000796c   0x00008000   Data   RO         2343    .constdata          arm_cortexM4lf_math.lib(arm_common_tables.o)
    0x0000f96c   0x0000f96c   0x00000008   Data   RO         2523    .constdata          c_w.l(_printf_wctomb.o)
    0x0000f974   0x0000f974   0x00000028   Data   RO         2552    .constdata          c_w.l(_printf_hex_int_ll_ptr.o)
    0x0000f99c   0x0000f99c   0x00000011   Data   RO         2572    .constdata          c_w.l(__printf_flags_ss_wp.o)
    0x0000f9ad   0x0000f9ad   0x00000003   PAD
    0x0000f9b0   0x0000f9b0   0x00000030   Data   RO         2633    .constdata          m_wm.l(cos_i.o)
    0x0000f9e0   0x0000f9e0   0x000000c8   Data   RO         2651    .constdata          m_wm.l(rred.o)
    0x0000faa8   0x0000faa8   0x00000028   Data   RO         2655    .constdata          m_wm.l(sin_i.o)
    0x0000fad0   0x0000fad0   0x00000026   Data   RO         2689    .constdata          c_w.l(_printf_fp_hex.o)
    0x0000faf6   0x0000faf6   0x00000002   PAD
    0x0000faf8   0x0000faf8   0x00000094   Data   RO         2729    .constdata          c_w.l(bigflt0.o)
    0x0000fb8c   0x0000fb8c   0x00000020   Data   RO         2895    Region$$Table       anon$$obj.o
    0x0000fbac   0x0000fbac   0x0000001c   Data   RO         2753    locale$$data        c_w.l(lc_numeric_c.o)
    0x0000fbc8   0x0000fbc8   0x00000110   Data   RO         2774    locale$$data        c_w.l(lc_ctype_c.o)


    Execution Region RW_IRAM1 (Exec base: 0x20000000, Load base: 0x0000fcd8, Size: 0x00004940, Max: 0x00010000, ABSOLUTE, COMPRESSED[0x0000000c])

    Exec Addr    Load Addr    Size         Type   Attr      Idx    E Section Name        Object

    0x20000000   COMPRESSED   0x00000001   Data   RW          338    .data               delay.o
    0x20000001   COMPRESSED   0x000003ff   PAD
    0x20000400   COMPRESSED   0x00000002   Data   RW          642    .data               adc.o
    0x20000402   COMPRESSED   0x00000002   PAD
    0x20000404   COMPRESSED   0x00000008   Data   RW         1124    .data               msp432p4xx_driverlib.lib(cs.o)
    0x2000040c        -       0x00001100   Zero   RW          640    .bss                adc.o
    0x2000150c   COMPRESSED   0x00000004   PAD
    0x20001510        -       0x00000190   Zero   RW          724    .bss                bluetooth.o
    0x200016a0        -       0x0000001c   Zero   RW          764    .bss                fft_calculate.o
    0x200016bc        -       0x00003020   Zero   RW          765    .bss                fft_calculate.o
    0x200046dc        -       0x00000060   Zero   RW         2715    .bss                c_w.l(libspace.o)
    0x2000473c   COMPRESSED   0x00000004   PAD
    0x20004740        -       0x00000000   Zero   RW           72    HEAP                startup_msp432p401r_uvision.o
    0x20004740        -       0x00000200   Zero   RW           71    STACK               startup_msp432p401r_uvision.o


==============================================================================

Image component sizes


      Code (inc. data)   RO Data    RW Data    ZI Data      Debug   Object Name

       460         54        192          2       4352       2007   adc.o
       316         18          0          0          0       2171   baudrate_calculate.o
       152         26         40          0        400       2468   bluetooth.o
        40         10          0          1          0        637   delay.o
      2056        218          0          0      12348       6522   fft_calculate.o
       112         20          0          0          0       2680   led.o
       136         10          0          0          0      33638   main.o
       854         24       2316          0          0       7993   oled.o
       228         32         26          0          0       2368   screen.o
        60         22        324          0        512        876   startup_msp432p401r_uvision.o
       140         14          0          0          0        514   sysinit.o
        96         20          0          0          0       5037   system_msp432p401r.o
       152         20         40          0          0       2640   usart.o

    ----------------------------------------------------------------------
      4804        488       2972       1028      17616      69551   Object Totals
         0          0         32          0          0          0   (incl. Generated)
         2          0          2       1025          4          0   (incl. Padding)

    ----------------------------------------------------------------------

      Code (inc. data)   RO Data    RW Data    ZI Data      Debug   Library Member Name

       470          0          0          0          0       2962   arm_bitreversal.o
      1696          0          0          0          0      18660   arm_cfft_radix4_f32.o
       192         46          0          0          0        911   arm_cfft_radix4_init_f32.o
       252          6          0          0          0      17504   arm_cmplx_mag_f32.o
         0          0      34816          0          0       4636   arm_common_tables.o
        58          0          0          0          0          0   __dczerorl.o
         8          0          0          0          0         68   __main.o
       392          4         17          0          0         92   __printf_flags_ss_wp.o
        14          0          0          0          0         68   __printf_wp.o
         0          0          0          0          0          0   __rtentry.o
        12          0          0          0          0          0   __rtentry2.o
         6          0          0          0          0          0   __rtentry4.o
        52          8          0          0          0          0   __scatter.o
        28          0          0          0          0          0   __scatter_zi.o
        48          4          0          0          0         84   _fptrap.o
         6          0          0          0          0          0   _printf_a.o
         6          0          0          0          0          0   _printf_c.o
        44          0          0          0          0        108   _printf_char.o
        48          6          0          0          0         96   _printf_char_common.o
        40          0          0          0          0         68   _printf_charcount.o
         6          0          0          0          0          0   _printf_d.o
       120         16          0          0          0         92   _printf_dec.o
         6          0          0          0          0          0   _printf_e.o
         6          0          0          0          0          0   _printf_f.o
      1054          0          0          0          0        216   _printf_fp_dec.o
       764          8         38          0          0        100   _printf_fp_hex.o
       128         16          0          0          0         84   _printf_fp_infnan.o
         6          0          0          0          0          0   _printf_g.o
       148          4         40          0          0        160   _printf_hex_int_ll_ptr.o
         6          0          0          0          0          0   _printf_i.o
       178          0          0          0          0         88   _printf_intcommon.o
        10          0          0          0          0          0   _printf_l.o
         6          0          0          0          0          0   _printf_lc.o
        10          0          0          0          0          0   _printf_ll.o
         6          0          0          0          0          0   _printf_lld.o
         6          0          0          0          0          0   _printf_lli.o
         6          0          0          0          0          0   _printf_llo.o
         6          0          0          0          0          0   _printf_llu.o
         6          0          0          0          0          0   _printf_llx.o
       124         16          0          0          0         92   _printf_longlong_dec.o
         6          0          0          0          0          0   _printf_ls.o
         6          0          0          0          0          0   _printf_n.o
         6          0          0          0          0          0   _printf_o.o
       112         10          0          0          0        124   _printf_oct_int_ll.o
         6          0          0          0          0          0   _printf_p.o
        78          0          0          0          0        108   _printf_pad.o
         0          0          0          0          0          0   _printf_percent.o
         4          0          0          0          0          0   _printf_percent_end.o
         6          0          0          0          0          0   _printf_s.o
        82          0          0          0          0         80   _printf_str.o
        36          0          0          0          0         84   _printf_truncate.o
         6          0          0          0          0          0   _printf_u.o
        44          0          0          0          0        108   _printf_wchar.o
       188          6          8          0          0         92   _printf_wctomb.o
         6          0          0          0          0          0   _printf_x.o
        22          0          0          0          0        100   _rserrno.o
        10          0          0          0          0         68   _sputc.o
        64          0          0          0          0         92   _wcrtomb.o
       228          4        148          0          0         96   bigflt0.o
      1936        128          0          0          0        672   btod.o
        10          0          0          0          0         68   defsig_exit.o
       172        110          0          0          0         76   defsig_fpe_inner.o
        14          0          0          0          0         80   defsig_fpe_outer.o
        50          0          0          0          0         88   defsig_general.o
        18          0          0          0          0         80   exit.o
         6          0          0          0          0        152   heapauxi.o
        44         10        272          0          0         76   lc_ctype_c.o
        44         10         28          0          0         76   lc_numeric_c.o
         2          0          0          0          0          0   libinit.o
        34          0          0          0          0          0   libinit2.o
         2          0          0          0          0          0   libshutdown.o
         2          0          0          0          0          0   libshutdown2.o
         8          4          0          0         96         68   libspace.o
       138          0          0          0          0         80   lludiv10.o
        16          4          0          0          0         76   rt_ctype_table.o
         8          4          0          0          0         68   rt_errno_addr_intlibspace.o
         8          4          0          0          0         68   rt_locale_intlibspace.o
        68          0          0          0          0         68   rt_memclr.o
        78          0          0          0          0         80   rt_memclr_w.o
       100          0          0          0          0         80   rt_memcpy_w.o
         2          0          0          0          0          0   rtexit.o
        10          0          0          0          0          0   rtexit2.o
       128          0          0          0          0         68   strcmpv7m.o
        62          0          0          0          0         76   strlen.o
        74          0          0          0          0         80   sys_stackheap_outer.o
         2          0          0          0          0         68   use_no_semi.o
         2          0          0          0          0         68   use_no_semi_2.o
        36          4          0          0          0         76   vsprintf.o
        24          0          0          0          0        164   basic.o
       708         16          0          0          0        140   d2f_clz.o
      1336         32          0          0          0        532   daddsub_clz.o
       892        152          0          0          0        292   ddiv_clz.o
       200         16          0          0          0        184   dfix.o
       110          0          0          0          0        348   dflt_clz.o
       448         16          0          0          0        164   dmul_clz.o
       258          4          0          0          0        156   dnaninf.o
       112          0          0          0          0        160   drenorm_clz.o
        12          0          0          0          0        116   dretinf.o
       520         56          0          0          0        180   dsqrt_umaalclz.o
       378          0          0          0          0        168   dunder_clz.o
       492         36          0          0          0        148   except.o
       122          8          0          0          0        132   f2d.o
       242          4          0          0          0        144   fnaninf.o
        10          0          0          0          0        116   fpinit.o
        10          0          0          0          0        116   fretinf.o
       316          0          0          0          0        132   funder_clz.o
        32          4          0          0          0        116   istatus.o
         4          0          0          0          0        116   printf1.o
         4          0          0          0          0        116   printf2.o
       178          0          0          0          0        116   retnan.o
       126          0          0          0          0        148   trapv.o
         0          0          0          0          0          0   usenofp.o
       368         46         48          0          0        200   cos_i.o
        84         16          0          0          0        372   dunder.o
        24          0          0          0          0        124   fabs.o
        48          0          0          0          0        124   fpclassify.o
       248          0          0          0          0        152   poly.o
      1080        142        200          0          0        188   rred.o
       200         20          0          0          0        164   sin.o
       304         24         40          0          0        208   sin_i.o
       122          0          0          0          0        148   sqrt_full.o
       462         10        128          0          0       7089   adc14.o
      1064        170          0          8          0      13545   cs.o
       260         14          0          0          0       7765   dma.o
       104          0          0          0          0       1527   i2c.o
       120         26          0          0          0       3378   sysctl_a.o
       146          0          0          0          0       5196   uart.o

    ----------------------------------------------------------------------
     21164       1244      35788          8        100      93617   Library Totals
        38          0          5          0          4          0   (incl. Padding)

    ----------------------------------------------------------------------

      Code (inc. data)   RO Data    RW Data    ZI Data      Debug   Library Name

      2610         52      34816          0          0      44673   arm_cortexM4lf_math.lib
      7348        380        551          0         96       4760   c_w.l
      6534        344          0          0          0       4004   g_wm.l
      2478        248        288          0          0       1680   m_wm.l
      2156        220        128          8          0      38500   msp432p4xx_driverlib.lib

    ----------------------------------------------------------------------
     21164       1244      35788          8        100      93617   Library Totals

    ----------------------------------------------------------------------

==============================================================================


      Code (inc. data)   RO Data    RW Data    ZI Data      Debug   

     25968       1732      38760       1036      17716     150616   Grand Totals
     25968       1732      38760         12      17716     150616   ELF Image Totals (compressed)
     25968       1732      38760         12          0          0   ROM Totals

==============================================================================

    Total RO  Size (Code + RO Data)                64728 (  63.21kB)
    Total RW  Size (RW Data + ZI Data)             18752 (  18.31kB)
    Total ROM Size (Code + RO Data + RW Data)      64740 (  63.22kB)

==============================================================================

